******************************************************************************
               TMS320C6x Linker PC v7.4.1                      
******************************************************************************
>> Linked Thu Mar 21 14:19:58 2013

OUTPUT FILE NAME:   <Project1.out>
ENTRY POINT SYMBOL: "_c_int00"  address: 8fa61540


MEMORY CONFIGURATION

         name            origin    length      used     unused   attr    fill
----------------------  --------  ---------  --------  --------  ----  --------
  ARM_RAM               10008000   00004000  00000000  00004000  RWIX
  CACHE_L2              11800000   00010000  00000000  00010000  RWIX
  CACHE_L1P             11e08000   00008000  00000000  00008000  RWIX
  L1DSRAM               11f04000   0000c000  000047d4  0000782c  RWIX
  CACHE_L1D             11f10000   00008000  00000000  00008000  RWIX
  DDRALGHEAP            88000000   07a00000  07a00000  00000000  RWIX
  DDR                   8fa00000   00400000  00062221  0039dddf  RWIX
  DSPLINKMEM            8fe00000   00100000  00000000  00100000  RWIX
  RESET_VECTOR          8ff00000   00000080  00000000  00000080  RWIX


SECTION ALLOCATION MAP

 output                                  attributes/
section   page    origin      length       input sections
--------  ----  ----------  ----------   ----------------
.vers      0    00000000    0000003c     COPY SECTION
                  00000000    0000003c     dm6446cfg.obj (.vers)

.pinit     0    8fa00000    00000000     UNINITIALIZED

.L1DSRAM$heap 
*          0    11f04000    00002000     UNINITIALIZED
                  11f04000    00002000     --HOLE--

.stack     0    11f06000    00002000     UNINITIALIZED
                  11f06000    00002000     --HOLE--

.bss       0    11f08000    000003ac     UNINITIALIZED
                  11f08000    00000100     biosDM420IDMA0.a64P : hwi_disp_asm.o64P (.bss)
                  11f08100    000000cc     bios.a64P : biosdata.o64P (.bss)
                  11f081cc    0000009c               : swi.o64P (.bss)
                  11f08268    00000048               : knl.o64P (.bss)
                  11f082b0    00000038     x264.obj (.bss)
                  11f082e8    00000030     dm6446cfg.obj (.bss)
                  11f08318    00000024     getopt.obj (.bss)
                  11f0833c    00000004     bios.a64P : clk_data2.o64P (.bss)
                  11f08340    00000020               : exc_asm.o64P (.bss)
                  11f08360    00000018               : hwi.o64P (.bss)
                  11f08378    00000010               : exc.o64P (.bss)
                  11f08388    0000000c               : tsk.o64P (.bss)
                  11f08394    00000008               : clk_data.o64P (.bss)
                  11f0839c    00000008               : sys.o64P (.bss)
                  11f083a4    00000004               : mem_asm.o64P (.bss)
                  11f083a8    00000004     slicetype_decision.obj (.bss)

.switch    0    11f083ac    0000031c     
                  11f083ac    00000148     x264.obj (.switch:_Parse)
                  11f084f4    0000004c     analyse.obj (.switch:_x264_analyse_update_cache)
                  11f08540    00000034     cabac.obj (.switch:_x264_cabac_mb_sub_b_partition)
                  11f08574    00000034     macroblock1.obj (.switch:_x264_mb_mc)
                  11f085a8    00000030     cabac.obj (.switch:_x264_cabac_mb8x8_mvd)
                  11f085d8    00000030     cavlc.obj (.switch:_x264_sub_mb_mv_write_cavlc)
                  11f08608    00000028     rts64plus.lib : _scanfi.obj (.switch:__sset_arg)
                  11f08630    00000024     cabac.obj (.switch:_x264_cabac_mb_type)
                  11f08654    00000020     frame1.obj (.switch:_x264_frame_copy_picture)
                  11f08674    00000014     common1.obj (.switch:_x264_picture_alloc)
                  11f08688    00000010     common1.obj (.switch:_x264_log_default)
                  11f08698    00000010     analyse.obj (.switch:_x264_macroblock_analyse)
                  11f086a8    00000010     analyse.obj (.switch:_x264_mb_cache_mv_p8x8)
                  11f086b8    00000010     me.obj (.switch:_x264_me_search_ref)

.args      0    11f086c8    00000100     
                  11f086c8    00000100     --HOLE-- [fill = 0]

.trcdata   0    11f087c8    0000000c     
                  11f087c8    0000000c     bios.a64P : trc.o64P (.trcdata)

.DDRALGHEAP$heap 
*          0    88000000    07a00000     UNINITIALIZED
                  88000000    07a00000     --HOLE--

.prd       0    8fa00000    00000000     UNINITIALIZED

.data      0    8fa00000    00000000     UNINITIALIZED

.text      0    8fa00000    0004f2a0     
                  8fa00000    00008460     analyse.obj (.text)
                  8fa08460    00006de0     macroblock1.obj (.text)
                  8fa0f240    000065e0     predict1.obj (.text)
                  8fa15820    00005820     encoder.obj (.text)
                  8fa1b040    000047a0     ratecontrol.obj (.text)
                  8fa1f7e0    00003760     me.obj (.text)
                  8fa22f40    00003680     macroblock.obj (.text)
                  8fa265c0    00003180     x264.obj (.text)
                  8fa29740    00003080     cabac.obj (.text)
                  8fa2c7c0    000026e0     cavlc.obj (.text)
                  8fa2eea0    00002460     frame1.obj (.text)
                  8fa31300    00002040     pixel1.obj (.text)
                  8fa33340    00001b80     dct1.obj (.text)
                  8fa34ec0    00001860     slicetype_decision.obj (.text)
                  8fa36720    000016a0     csp1.obj (.text)
                  8fa37dc0    000015a0     set.obj (.text)
                  8fa39360    00001480     matroska.obj (.text)
                  8fa3a7e0    00000fc0     cabac1.obj (.text)
                  8fa3b7a0    00000f20     mc1.obj (.text)
                  8fa3c6c0    00000ce0     eval.obj (.text)
                  8fa3d3a0    00000cc0     common1.obj (.text)
                  8fa3e060    00000c60     getopt.obj (.text)
                  8fa3ecc0    00000980     rts64plus.lib : pow.obj (.text:_pow)
                  8fa3f640    00000920                   : _scanfi.obj (.text:__scanfi)
                  8fa3ff60    000007e0     set1.obj (.text)
                  8fa40740    00000620     rts64plus.lib : _scanfi.obj (.text:__sset_arg)
                  8fa40d60    00000580                   : _printfi.obj (.text:__getarg_diouxp)
                  8fa412e0    00000540                   : divd.obj (.text:__divd)
                  8fa41820    00000520                   : strtod.obj (.text:_strtod)
                  8fa41d40    00000520                   : strtold.obj (.text:_strtold)
                  8fa42260    000004c0                   : _scanfi.obj (.text:__sproc_int)
                  8fa42720    000004c0                   : fwrite.obj (.text:_fwrite)
                  8fa42be0    00000460                   : strtol.obj (.text:_strtol)
                  8fa43040    00000460                   : strtoll.obj (.text:_strtoll)
                  8fa434a0    00000440                   : _printfi.obj (.text:__printfi)
                  8fa438e0    00000440                   : _printfi.obj (.text:__setfield)
                  8fa43d20    00000420                   : tan.obj (.text:_tan)
                  8fa44140    00000400                   : cos.obj (.text:_cos)
                  8fa44540    00000400                   : strtoul.obj (.text:_strtoul)
                  8fa44940    00000400                   : strtoull.obj (.text:_strtoull)
                  8fa44d40    000003c0                   : sin.obj (.text:_sin)
                  8fa45100    000003a0                   : fputs.obj (.text:_fputs)
                  8fa454a0    00000340                   : divf.obj (.text:__divf)
                  8fa457e0    00000340                   : _printfi.obj (.text:__pproc_fge)
                  8fa45b20    00000320                   : _scanfi.obj (.text:__sget_conv)
                  8fa45e40    00000320                   : sinh.obj (.text:_sinh)
                  8fa46160    00000300                   : _printfi.obj (.text:_ecvt)
                  8fa46460    00000300                   : _printfi.obj (.text:_fcvt)
                  8fa46760    00000300                   : log.obj (.text:_log)
                  8fa46a60    000002e0                   : addf.obj (.text:__addf)
                  8fa46d40    000002e0                   : _scanfi.obj (.text:__sproc_float)
                  8fa47020    000002c0                   : _printfi.obj (.text:__pproc_fwp)
                  8fa472e0    000002a0                   : _printfi.obj (.text:__pconv_e)
                  8fa47580    000002a0                   : exp.obj (.text:_exp)
                  8fa47820    000002a0                   : fread.obj (.text:_fread)
                  8fa47ac0    00000280     rdo.obj (.text)
                  8fa47d40    00000260     rts64plus.lib : imath64.obj (.text:__divull)
                  8fa47fa0    00000260                   : mpyd.obj (.text:__mpyd)
                  8fa48200    00000260                   : tanh.obj (.text:_tanh)
                  8fa48460    00000240                   : _printfi.obj (.text:__pproc_diouxp)
                  8fa486a0    00000220                   : _printfi.obj (.text:__pproc_str)
                  8fa488c0    00000220                   : fputc.obj (.text:_fputc)
                  8fa48ae0    00000220                   : sqrt.obj (.text:_sqrt)
                  8fa48d00    00000200                   : addd.obj (.text:__addd)
                  8fa48f00    00000200                   : frcaddd.obj (.text:__frcaddd)
                  8fa49100    00000200                   : mpyf.obj (.text:__mpyf)
                  8fa49300    00000200                   : _printfi.obj (.text:__pconv_g)
                  8fa49500    00000200                   : expf.obj (.text:_expf)
                  8fa49700    00000200                   : setvbuf.obj (.text:_setvbuf)
                  8fa49900    000001e0                   : sqrtf.obj (.text:_sqrtf)
                  8fa49ae0    000001c0                   : _printfi.obj (.text:__mcpy)
                  8fa49ca0    000001c0                   : fopen.obj (.text:__openfile)
                  8fa49e60    000001c0                   : ldexp.obj (.text:_ldexp)
                  8fa4a020    000001a0                   : imath40.obj (.text:__divul)
                  8fa4a1c0    000001a0                   : _scanfi.obj (.text:__sproc_lb)
                  8fa4a360    000001a0                   : _scanfi.obj (.text:__sproc_str)
                  8fa4a500    000001a0                   : frexp.obj (.text:_frexp)
                  8fa4a6a0    00000180                   : trgdrv.obj (.text:_HOSTrename)
                  8fa4a820    00000180                   : cosh.obj (.text:_cosh)
                  8fa4a9a0    00000180                   : ldexpf.obj (.text:_ldexpf)
                  8fa4ab20    00000180                   : lowlev.obj (.text:_open)
                  8fa4aca0    00000160                   : frexpf.obj (.text:_frexpf)
                  8fa4ae00    00000140                   : sscanf.obj (.text:__chkmbc)
                  8fa4af40    00000140                   : ftell.obj (.text:_ftell)
                  8fa4b080    00000140                   : lowlev.obj (.text:_getdevice)
                  8fa4b1c0    00000120                   : _bufread.obj (.text:__buff_read)
                  8fa4b2e0    00000120                   : fclose.obj (.text:__closefile)
                  8fa4b400    00000120                   : imath64.obj (.text:__divlli)
                  8fa4b520    00000120                   : fixdull.obj (.text:__fixdull)
                  8fa4b640    00000120                   : _printfi.obj (.text:__ltostr)
                  8fa4b760    00000120                   : _printfi.obj (.text:__pproc_fflags)
                  8fa4b880    00000120                   : fopen.obj (.text:__search_fp)
                  8fa4b9a0    00000120                   : _scanfi.obj (.text:__sget_scanset)
                  8fa4bac0    00000120                   : atol.obj (.text:_atol)
                  8fa4bbe0    00000120                   : fseek.obj (.text:_fseek)
                  8fa4bd00    00000100                   : trgdrv.obj (.text:_HOSTlseek)
                  8fa4be00    00000100                   : frcmpyd.obj (.text:__frcmpyd)
                  8fa4bf00    00000100                   : round.obj (.text:__nround)
                  8fa4c000    00000100                   : _io_perm.obj (.text:__wrt_ok)
                  8fa4c100    00000100                   : fprintf.obj (.text:_fprintf)
                  8fa4c200    000000e0                   : trgdrv.obj (.text:_HOSTopen)
                  8fa4c2e0    000000e0                   : cmpd.obj (.text:__cmpd)
                  8fa4c3c0    000000e0                   : divi.obj (.text:__divi)
                  8fa4c4a0    000000e0                   : fltllid.obj (.text:__fltllid)
                  8fa4c580    000000e0                   : fltllif.obj (.text:__fltllif)
                  8fa4c660    000000e0                   : atoi.obj (.text:_atoi)
                  8fa4c740    000000e0                   : lowlev.obj (.text:_close)
                  8fa4c820    000000e0                   : fflush.obj (.text:_fflush)
                  8fa4c900    000000e0                   : memset.obj (.text:_memset)
                  8fa4c9e0    000000e0                   : printf.obj (.text:_printf)
                  8fa4cac0    000000c0                   : trgdrv.obj (.text:_HOSTread)
                  8fa4cb80    000000c0                   : trgdrv.obj (.text:_HOSTunlink)
                  8fa4cc40    000000c0                   : trgdrv.obj (.text:_HOSTwrite)
                  8fa4cd00    000000c0                   : _printfi.obj (.text:__div)
                  8fa4cdc0    000000c0                   : divu.obj (.text:__divu)
                  8fa4ce80    000000c0                   : fflush.obj (.text:__doflush)
                  8fa4cf40    000000c0                   : _io_perm.obj (.text:__rd_ok)
                  8fa4d000    000000c0                   : remi.obj (.text:__remi)
                  8fa4d0c0    000000c0                   : exit.obj (.text:_exit)
                  8fa4d180    000000c0                   : ltoa.obj (.text:_ltoa)
                  8fa4d240    000000c0                   : lowlev.obj (.text:_rename)
                  8fa4d300    000000c0                   : signal.obj (.text:_signal)
                  8fa4d3c0    000000c0                   : vfprintf.obj (.text:_vfprintf)
                  8fa4d480    000000c0     bios.a64P : tsk_stup.o64P (.text)
                  8fa4d540    000000a0     rts64plus.lib : trgdrv.obj (.text:_HOSTclose)
                  8fa4d5e0    000000a0                   : fopen.obj (.text:__cleanup)
                  8fa4d680    000000a0                   : cvtdf.obj (.text:__cvtdf)
                  8fa4d720    000000a0                   : imath40.obj (.text:__divli)
                  8fa4d7c0    000000a0                   : _printfi.obj (.text:__ecpy)
                  8fa4d860    000000a0                   : _printfi.obj (.text:__fcpy)
                  8fa4d900    000000a0                   : fixdli.obj (.text:__fixdli)
                  8fa4d9a0    000000a0                   : fltulld.obj (.text:__fltulld)
                  8fa4da40    000000a0                   : _printfi.obj (.text:__pconv_f)
                  8fa4dae0    000000a0                   : lowlev.obj (.text:_finddevice)
                  8fa4db80    000000a0                   : lowlev.obj (.text:_lseek)
                  8fa4dc20    000000a0                   : memcpy64.obj (.text:_memcpy)
                  8fa4dcc0    000000a0                   : modf.obj (.text:_modf)
                  8fa4dd60    000000a0                   : lowlev.obj (.text:_read)
                  8fa4de00    000000a0                   : snprintf.obj (.text:_snprintf)
                  8fa4dea0    000000a0                   : strstr.obj (.text:_strstr)
                  8fa4df40    000000a0                   : lowlev.obj (.text:_write)
                  8fa4dfe0    00000080                   : cmpf.obj (.text:__cmpf)
                  8fa4e060    00000080                   : fixdi.obj (.text:__fixdi)
                  8fa4e0e0    00000080                   : fixfi.obj (.text:__fixfi)
                  8fa4e160    00000080                   : fltlid.obj (.text:__fltlid)
                  8fa4e1e0    00000080                   : llshift.obj (.text:__llshl)
                  8fa4e260    00000080                   : snprintf.obj (.text:__outs)
                  8fa4e2e0    00000080                   : renormd.obj (.text:__renormd)
                  8fa4e360    00000080                   : trgmsg.obj (.text:_readmsg)
                  8fa4e3e0    00000080                   : strcat.obj (.text:_strcat)
                  8fa4e460    00000080                   : lowlev.obj (.text:_unlink)
                  8fa4e4e0    00000060                   : assert.obj (.text:__abort_msg)
                  8fa4e540    00000060                   : cvtfd.obj (.text:__cvtfd)
                  8fa4e5a0    00000060                   : fltid.obj (.text:__fltid)
                  8fa4e600    00000060                   : fltif.obj (.text:__fltif)
                  8fa4e660    00000060                   : frcmpyf.obj (.text:__frcmpyf)
                  8fa4e6c0    00000060                   : imath64.obj (.text:__remlli)
                  8fa4e720    00000060                   : imath64.obj (.text:__remull)
                  8fa4e780    00000060                   : imath64.obj (.text:__subcull)
                  8fa4e7e0    00000060                   : fclose.obj (.text:_fclose)
                  8fa4e840    00000060                   : fopen.obj (.text:_fopen)
                  8fa4e8a0    00000060                   : memccpy.obj (.text:_memccpy)
                  8fa4e900    00000060                   : memcmp.obj (.text:_memcmp)
                  8fa4e960    00000060                   : modff.obj (.text:_modff)
                  8fa4e9c0    00000060                   : sscanf.obj (.text:_sscanf)
                  8fa4ea20    00000060                   : strcpy.obj (.text:_strcpy)
                  8fa4ea80    00000060                   : strcspn.obj (.text:_strcspn)
                  8fa4eae0    00000060                   : strncmp.obj (.text:_strncmp)
                  8fa4eb40    00000060                   : strpbrk.obj (.text:_strpbrk)
                  8fa4eba0    00000060                   : lowlev.obj (.text:_tabinit)
                  8fa4ec00    00000060                   : trgmsg.obj (.text:_writemsg)
                  8fa4ec60    00000040                   : isinf.obj (.text:___isinf)
                  8fa4eca0    00000040                   : _printfi.obj (.text:___isnan)
                  8fa4ece0    00000040                   : frcmpyd_div.obj (.text:__frcmpyd_div)
                  8fa4ed20    00000040                   : frcmpyf_div.obj (.text:__frcmpyf_div)
                  8fa4ed60    00000040                   : llshift.obj (.text:__llshru)
                  8fa4eda0    00000040                   : negd.obj (.text:__negd)
                  8fa4ede0    00000040                   : snprintf.obj (.text:__outc)
                  8fa4ee20    00000040                   : imath40.obj (.text:__remli)
                  8fa4ee60    00000040                   : imath40.obj (.text:__remul)
                  8fa4eea0    00000040                   : strasg.obj (.text:__strasgi_64plus)
                  8fa4eee0    00000040                   : subd.obj (.text:__subd)
                  8fa4ef20    00000040                   : subf.obj (.text:__subf)
                  8fa4ef60    00000040                   : abs.obj (.text:_llabs)
                  8fa4efa0    00000040                   : strchr.obj (.text:_strchr)
                  8fa4efe0    00000040                   : strcmp.obj (.text:_strcmp)
                  8fa4f020    00000040                   : strlen.obj (.text:_strlen)
                  8fa4f060    00000020                   : sscanf.obj (.text:__inpchar)
                  8fa4f080    00000020                   : negll.obj (.text:__negll)
                  8fa4f0a0    00000020                   : _lock.obj (.text:__nop)
                  8fa4f0c0    00000020                   : fprintf.obj (.text:__outc)
                  8fa4f0e0    00000020                   : printf.obj (.text:__outc)
                  8fa4f100    00000020                   : vfprintf.obj (.text:__outc)
                  8fa4f120    00000020                   : fprintf.obj (.text:__outs)
                  8fa4f140    00000020                   : printf.obj (.text:__outs)
                  8fa4f160    00000020                   : vfprintf.obj (.text:__outs)
                  8fa4f180    00000020                   : _lock.obj (.text:__register_lock)
                  8fa4f1a0    00000020                   : _lock.obj (.text:__register_unlock)
                  8fa4f1c0    00000020                   : trunc.obj (.text:__trunc)
                  8fa4f1e0    00000020                   : sscanf.obj (.text:__uninpchar)
                  8fa4f200    00000020                   : exit.obj (.text:_abort)
                  8fa4f220    00000020                   : atof.obj (.text:_atof)
                  8fa4f240    00000020                   : exp2f.obj (.text:_exp2f)
                  8fa4f260    00000020                   : remove.obj (.text:_remove)
                  8fa4f280    00000020     cpu1.obj (.text)

.hst       0    8fa00000    00000000     UNINITIALIZED

.pip       0    8fa00000    00000000     UNINITIALIZED

.DDR$heap 
*          0    8fa00000    00000000     UNINITIALIZED

.const     0    8fa4f2a0    0000bc94     
                  8fa4f2a0    00002b20     cabac1.obj (.const:_x264_cabac_context_init_PB)
                  8fa51dc0    00001ae0     x264.obj (.const:.string)
                  8fa538a0    00000e60     cabac1.obj (.const:_x264_cabac_context_init_I)
                  8fa54700    00000aa0     cavlc.obj (.const:_x264_coeff_token)
                  8fa551a0    00000780     cavlc.obj (.const:_x264_total_zeros)
                  8fa55920    00000654     ratecontrol.obj (.const:.string)
                  8fa55f74    00000464     encoder.obj (.const:.string)
                  8fa563d8    00000400     cavlc.obj (.const:_i_size0_255$1)
                  8fa567d8    00000400     encoder.obj (.const:_i_size0_255$1)
                  8fa56bd8    00000400     set.obj (.const:_i_size0_255$1)
                  8fa56fd8    00000400     cabac1.obj (.const:_x264_cabac_range_lps)
                  8fa573d8    000003fc     analyse.obj (.const:_i_size0_254$1)
                  8fa577d4    00000004     bios.a64P : mem_allo.o64P (.const)
                  8fa577d8    00000348     cavlc.obj (.const:_x264_run_before)
                  8fa57b20    00000270     frame1.obj (.const:_i_tc0_table)
                  8fa57d90    0000024c     cabac.obj (.const:_i_mb_bits$2)
                  8fa57fdc    00000004     bios.a64P : mem_free.o64P (.const)
                  8fa57fe0    00000200     cabac1.obj (.const:_x264_cabac_entropy)
                  8fa581e0    00000200     cabac1.obj (.const:_x264_cabac_probability)
                  8fa583e0    000001a0     mc1.obj (.const:.string:_x264_mc_clip1_table)
                  8fa58580    00000193     bios.a64P : exc.o64P (.const)
                  8fa58713    00000003     rts64plus.lib : assert.obj (.const:.string)
                  8fa58716    00000002                   : fputs.obj (.const:.string)
                  8fa58718    00000180     macroblock.obj (.const:_def_quant4_mf)
                  8fa58898    00000101     rts64plus.lib : ctype.obj (.const:.string:__ctypes_)
                  8fa58999    00000003     --HOLE-- [fill = 0]
                  8fa5899c    00000001     bios.a64P : tsk.o64P (.const)
                  8fa5899d    00000003     --HOLE-- [fill = 0]
                  8fa589a0    00000100     macroblock.obj (.const:_i_ds_table8$2)
                  8fa58aa0    00000100     cabac1.obj (.const:_x264_transition_lps)
                  8fa58ba0    00000100     cabac1.obj (.const:_x264_transition_mps)
                  8fa58ca0    00000100     set.obj (.const:_x264_zigzag_scan8)
                  8fa58da0    000000fc     cabac.obj (.const:_last_significant_coeff_flag_offset_8x8$7)
                  8fa58e9c    00000004     --HOLE-- [fill = 0]
                  8fa58ea0    000000fc     cabac.obj (.const:_significant_coeff_flag_offset_8x8$6)
                  8fa58f9c    000000f8     eval.obj (.const:.string)
                  8fa59094    00000004     --HOLE-- [fill = 0]
                  8fa59098    000000d0     frame1.obj (.const:_i_alpha_table)
                  8fa59168    000000d0     frame1.obj (.const:_i_beta_table)
                  8fa59238    000000d0     frame1.obj (.const:_i_chroma_qp_table)
                  8fa59308    000000d0     macroblock.obj (.const:_i_chroma_qp_table)
                  8fa593d8    000000d0     analyse.obj (.const:_i_qp0_cost2_table)
                  8fa594a8    000000d0     analyse.obj (.const:_i_qp0_cost_table)
                  8fa59578    000000cc     set1.obj (.const:.string)
                  8fa59644    00000004     --HOLE-- [fill = 0]
                  8fa59648    000000a8     set.obj (.const:_sar$2)
                  8fa596f0    00000098     cabac.obj (.const:_x264_mb_type_list0_table)
                  8fa59788    00000098     cavlc.obj (.const:_x264_mb_type_list0_table)
                  8fa59820    00000098     macroblock1.obj (.const:_x264_mb_type_list0_table)
                  8fa598b8    00000098     cabac.obj (.const:_x264_mb_type_list1_table)
                  8fa59950    00000098     cavlc.obj (.const:_x264_mb_type_list1_table)
                  8fa599e8    00000098     macroblock1.obj (.const:_x264_mb_type_list1_table)
                  8fa59a80    00000090     set1.obj (.const:_dequant8_scale)
                  8fa59b10    00000090     set1.obj (.const:_quant8_scale)
                  8fa59ba0    00000088     analyse.obj (.const:_x264_mb_partition_listX_table)
                  8fa59c28    00000088     cabac.obj (.const:_x264_mb_partition_listX_table)
                  8fa59cb0    00000088     cavlc.obj (.const:_x264_mb_partition_listX_table)
                  8fa59d38    00000080     slicetype_decision.obj (.const:.string)
                  8fa59db8    00000080     cavlc.obj (.const:_x264_level_prefix)
                  8fa59e38    00000078     analyse.obj (.const:.string)
                  8fa59eb0    00000070     me.obj (.const:_subpel_iterations)
                  8fa59f20    00000064     macroblock1.obj (.const:_x264_size2pixel)
                  8fa59f84    00000060     common1.obj (.const:.string)
                  8fa59fe4    00000004     --HOLE-- [fill = 0]
                  8fa59fe8    00000060     me.obj (.const:_square2_x$1)
                  8fa5a048    00000060     me.obj (.const:_square2_y$2)
                  8fa5a0a8    00000060     analyse.obj (.const:_x264_scan8)
                  8fa5a108    00000060     cabac.obj (.const:_x264_scan8)
                  8fa5a168    00000060     cavlc.obj (.const:_x264_scan8)
                  8fa5a1c8    00000060     macroblock.obj (.const:_x264_scan8)
                  8fa5a228    00000060     macroblock1.obj (.const:_x264_scan8)
                  8fa5a288    00000060     cavlc.obj (.const:_x264_total_zeros_dc)
                  8fa5a2e8    00000058     cavlc.obj (.const:.string)
                  8fa5a340    00000054     cabac.obj (.const:.string)
                  8fa5a394    00000004     --HOLE-- [fill = 0]
                  8fa5a398    00000054     cabac.obj (.const:_i_mb_len$1)
                  8fa5a3ec    00000004     --HOLE-- [fill = 0]
                  8fa5a3f0    00000050     rts64plus.lib : strtod.obj (.const:_digits)
                  8fa5a440    00000050                   : strtold.obj (.const:_digits)
                  8fa5a490    0000004e     bios.a64P : tsk_stup.o64P (.const)
                  8fa5a4de    00000002     --HOLE-- [fill = 0]
                  8fa5a4e0    0000004c     analyse.obj (.const:_i_mb_b_cost_table)
                  8fa5a52c    00000004     --HOLE-- [fill = 0]
                  8fa5a530    0000004c     macroblock1.obj (.const:_x264_mb_type_fix)
                  8fa5a57c    00000004     --HOLE-- [fill = 0]
                  8fa5a580    00000048     set1.obj (.const:_dequant4_scale)
                  8fa5a5c8    00000048     rts64plus.lib : strtod.obj (.const:_powerof10)
                  8fa5a610    00000048                   : strtold.obj (.const:_powerof10)
                  8fa5a658    00000048     set1.obj (.const:_quant4_scale)
                  8fa5a6a0    00000044     cavlc.obj (.const:_ct_index$2)
                  8fa5a6e4    00000004     --HOLE-- [fill = 0]
                  8fa5a6e8    00000044     analyse.obj (.const:_i_mb_b16x8_cost_table)
                  8fa5a72c    00000004     --HOLE-- [fill = 0]
                  8fa5a730    00000040     set.obj (.const:.string:_x264_cqm_flat16)
                  8fa5a770    00000040     set.obj (.const:.string:_x264_cqm_jvt8i)
                  8fa5a7b0    00000040     set1.obj (.const:.string:_x264_cqm_jvt8i)
                  8fa5a7f0    00000040     set.obj (.const:.string:_x264_cqm_jvt8p)
                  8fa5a830    00000040     set1.obj (.const:.string:_x264_cqm_jvt8p)
                  8fa5a870    00000040     me.obj (.const:_hex4_x$3)
                  8fa5a8b0    00000040     me.obj (.const:_hex4_y$4)
                  8fa5a8f0    00000040     macroblock.obj (.const:_i_ds_table4$1)
                  8fa5a930    00000040     set1.obj (.const:_quant8_scan)
                  8fa5a970    00000040     set.obj (.const:_x264_zigzag_scan4)
                  8fa5a9b0    00000038     me.obj (.const:_x264_pixel_size)
                  8fa5a9e8    00000034     analyse.obj (.const:_i_sub_mb_b_cost_table)
                  8fa5aa1c    00000004     --HOLE-- [fill = 0]
                  8fa5aa20    00000034     analyse.obj (.const:_x264_mb_pred_mode4x4_fix)
                  8fa5aa54    00000004     --HOLE-- [fill = 0]
                  8fa5aa58    00000034     macroblock.obj (.const:_x264_mb_pred_mode4x4_fix)
                  8fa5aa8c    00000004     --HOLE-- [fill = 0]
                  8fa5aa90    00000034     macroblock1.obj (.const:_x264_mb_pred_mode4x4_fix)
                  8fa5aac4    00000004     --HOLE-- [fill = 0]
                  8fa5aac8    00000030     cavlc.obj (.const:.string:_inter_cbp_to_golomb)
                  8fa5aaf8    00000030     cavlc.obj (.const:.string:_intra4x4_cbp_to_golomb)
                  8fa5ab28    00000028     getopt.obj (.const:.string:_noarg)
                  8fa5ab50    00000028     matroska.obj (.const:.string)
                  8fa5ab78    00000023     rts64plus.lib : _printfi.obj (.const:.string)
                  8fa5ab9b    00000023     bios.a64P : utl_doab.o64P (.const)
                  8fa5abbe    00000002     --HOLE-- [fill = 0]
                  8fa5abc0    00000022     getopt.obj (.const:.string:_recargchar)
                  8fa5abe2    00000006     --HOLE-- [fill = 0]
                  8fa5abe8    00000022     getopt.obj (.const:.string:_recargstring)
                  8fa5ac0a    00000022     bios.a64P : utl_doer.o64P (.const)
                  8fa5ac2c    00000004     --HOLE-- [fill = 0]
                  8fa5ac30    0000001c     analyse.obj (.const:_x264_mb_pred_mode16x16_fix)
                  8fa5ac4c    00000004     --HOLE-- [fill = 0]
                  8fa5ac50    0000001c     macroblock.obj (.const:_x264_mb_pred_mode16x16_fix)
                  8fa5ac6c    00000004     --HOLE-- [fill = 0]
                  8fa5ac70    0000001c     analyse.obj (.const:_x264_mb_pred_mode8x8c_fix)
                  8fa5ac8c    00000004     --HOLE-- [fill = 0]
                  8fa5ac90    0000001c     cabac.obj (.const:_x264_mb_pred_mode8x8c_fix)
                  8fa5acac    00000004     --HOLE-- [fill = 0]
                  8fa5acb0    0000001c     cavlc.obj (.const:_x264_mb_pred_mode8x8c_fix)
                  8fa5accc    00000004     --HOLE-- [fill = 0]
                  8fa5acd0    0000001c     macroblock1.obj (.const:_x264_mb_pred_mode8x8c_fix)
                  8fa5acec    00000004     --HOLE-- [fill = 0]
                  8fa5acf0    0000001b     cavlc.obj (.const:_mb_type_b_to_golomb)
                  8fa5ad0b    00000005     --HOLE-- [fill = 0]
                  8fa5ad10    00000019     getopt.obj (.const:.string:_ambig)
                  8fa5ad29    00000003     --HOLE-- [fill = 0]
                  8fa5ad2c    00000018     csp1.obj (.const:.string)
                  8fa5ad44    00000004     --HOLE-- [fill = 0]
                  8fa5ad48    00000018     cabac.obj (.const:_coeff_abs_level_m1_offset$5)
                  8fa5ad60    00000018     cabac.obj (.const:_last_significant_coeff_flag_offset$4)
                  8fa5ad78    00000018     cabac.obj (.const:_significant_coeff_flag_offset$3)
                  8fa5ad90    00000018     set.obj (.const:_x264_cqm_jvt)
                  8fa5ada8    00000015     getopt.obj (.const:.string:_illoptchar)
                  8fa5adbd    00000003     --HOLE-- [fill = 0]
                  8fa5adc0    00000015     getopt.obj (.const:.string:_illoptstring)
                  8fa5add5    00000003     --HOLE-- [fill = 0]
                  8fa5add8    00000014     frame1.obj (.const:.string)
                  8fa5adec    00000004     --HOLE-- [fill = 0]
                  8fa5adf0    00000014     encoder.obj (.const:_slice_order$2)
                  8fa5ae04    00000004     --HOLE-- [fill = 0]
                  8fa5ae08    00000010     set.obj (.const:.string:_$P$T0$3)
                  8fa5ae18    00000010     analyse.obj (.const:.string:_block_idx_x)
                  8fa5ae28    00000010     cabac.obj (.const:.string:_block_idx_x)
                  8fa5ae38    00000010     macroblock.obj (.const:.string:_block_idx_x)
                  8fa5ae48    00000010     analyse.obj (.const:.string:_block_idx_y)
                  8fa5ae58    00000010     cabac.obj (.const:.string:_block_idx_y)
                  8fa5ae68    00000010     macroblock.obj (.const:.string:_block_idx_y)
                  8fa5ae78    00000010     set.obj (.const:.string:_x264_cqm_jvt4i)
                  8fa5ae88    00000010     set1.obj (.const:.string:_x264_cqm_jvt4i)
                  8fa5ae98    00000010     set.obj (.const:.string:_x264_cqm_jvt4p)
                  8fa5aea8    00000010     set1.obj (.const:.string:_x264_cqm_jvt4p)
                  8fa5aeb8    00000010     cabac.obj (.const:_block_idx_xy)
                  8fa5aec8    00000010     frame1.obj (.const:_block_idx_xy)
                  8fa5aed8    00000010     analyse.obj (.const:_i_sub_mb_p_cost_table)
                  8fa5aee8    0000000d     cavlc.obj (.const:.string:_sub_mb_type_b_to_golomb)
                  8fa5aef5    00000003     --HOLE-- [fill = 0]
                  8fa5aef8    0000000c     getopt.obj (.const:.string)
                  8fa5af04    00000004     --HOLE-- [fill = 0]
                  8fa5af08    00000008     rts64plus.lib : divd.obj (.const:.string:_initial_approx$1)
                  8fa5af10    00000008                   : divf.obj (.const:.string:_initial_approx$1)
                  8fa5af18    00000007                   : _scanfi.obj (.const:.string:_flit$1)
                  8fa5af1f    00000001     --HOLE-- [fill = 0]
                  8fa5af20    00000006                   : _scanfi.obj (.const:.string:_barr$2)
                  8fa5af26    00000002     --HOLE-- [fill = 0]
                  8fa5af28    00000005     ratecontrol.obj (.const:.string:_slice_type_to_char)
                  8fa5af2d    00000003     --HOLE-- [fill = 0]
                  8fa5af30    00000004     cavlc.obj (.const:.string:_sub_mb_type_p_to_golomb)

.clk       0    8fa5af34    00000008     UNINITIALIZED
                  8fa5af34    00000008     dm6446cfg.obj (.clk)

.printf    0    8fa5af34    0000001a     COPY SECTION
                  8fa5af34    0000001a     dm6446cfg.obj (.printf)

.idl       0    8fa5af3c    00000004     UNINITIALIZED
                  8fa5af3c    00000004     dm6446cfg.obj (.idl)

.bios      0    8fa5af40    00003700     
                  8fa5af40    00000520     bios.a64P : exc.o64P (.bios)
                  8fa5b460    000004e0     biosDM420IDMA0.a64P : hwi_disp_asm.o64P (.bios)
                  8fa5b940    000004c0     bios.a64P : swi.o64P (.bios)
                  8fa5be00    00000380               : prd.o64P (.bios)
                  8fa5c180    000002a0               : malloc.o64P (.bios)
                  8fa5c420    00000240               : knl_run.o64P (.bios)
                  8fa5c660    00000200               : mem_free.o64P (.bios:.near)
                  8fa5c860    00000200               : sem_pend.o64P (.bios)
                  8fa5ca60    000001e0               : mem_allo.o64P (.bios:.near)
                  8fa5cc40    000001e0               : exc_asm.o64P (.bios)
                  8fa5ce20    000001e0               : knl_tick.o64P (.bios)
                  8fa5d000    000001c0               : sem_dopo.o64P (.bios)
                  8fa5d1c0    000001a0               : tsk_setu.o64P (.bios)
                  8fa5d360    000001a0     biosDM420IDMA0.a64P : clk.o64P (.bios)
                  8fa5d500    00000180     bios.a64P : knl_swit.o64P (.bios)
                  8fa5d680    00000140               : autoinit.o64P (.bios)
                  8fa5d7c0    00000140               : tsk_exit.o64P (.bios)
                  8fa5d900    00000140     biosDM420IDMA0.a64P : bcache_init.o64P (.bios)
                  8fa5da40    00000120     bios.a64P : gbl_cacheinit64P.o64P (.bios)
                  8fa5db60    00000120               : knl_chec.o64P (.bios)
                  8fa5dc80    00000120               : tsk_stup.o64P (.bios)
                  8fa5dda0    000000e0               : sem_post_asm.o64P (.bios)
                  8fa5de80    000000c0               : knl_exit.o64P (.bios)
                  8fa5df40    000000a0               : sem_post.o64P (.bios)
                  8fa5dfe0    000000a0               : sys_exit.o64P (.bios)
                  8fa5e080    00000080               : knl_ipos.o64P (.bios)
                  8fa5e100    00000080               : knl_post.o64P (.bios)
                  8fa5e180    00000080               : lck.o64P (.bios)
                  8fa5e200    00000080               : log.o64P (.bios)
                  8fa5e280    00000060               : sys_erro.o64P (.bios:.near)
                  8fa5e2e0    00000060               : fxn.o64P (.bios)
                  8fa5e340    00000060               : hwi_c.o64P (.bios)
                  8fa5e3a0    00000060               : sem_pend_counting.o64P (.bios)
                  8fa5e400    00000060               : sts.o64P (.bios)
                  8fa5e460    00000060               : sys_abor.o64P (.bios)
                  8fa5e4c0    00000060               : utl_putc.o64P (.bios)
                  8fa5e520    00000040               : utl_doab.o64P (.bios)
                  8fa5e560    00000020               : fxn_c.o64P (.bios)
                  8fa5e580    00000020               : gbl_vers.o64P (.bios)
                  8fa5e5a0    00000020               : idl.o64P (.bios)
                  8fa5e5c0    00000020               : sts_set.o64P (.bios)
                  8fa5e5e0    00000020               : utl_doer.o64P (.bios)
                  8fa5e600    00000020               : utl_halt.o64P (.bios)
                  8fa5e620    00000020     biosDM420IDMA0.a64P : clk_gethtime.o64P (.bios)

.far       0    8fa5e640    00001bb1     UNINITIALIZED
                  8fa5e640    00000ff0     x264.obj (.far)
                  8fa5f630    00000324     rts64plus.lib : defs.obj (.far)
                  8fa5f954    00000004     biosDM420IDMA0.a64P : clk_data.o64P (.far)
                  8fa5f958    00000120     rts64plus.lib : pow.obj (.far)
                  8fa5fa78    0000011c                   : lowlev.obj (.far)
                  8fa5fb94    00000004                   : errno.obj (.far)
                  8fa5fb98    000000d8     bios.a64P : knl.o64P (.far)
                  8fa5fc70    000000d0     analyse.obj (.far)
                  8fa5fd40    000000b0     rts64plus.lib : signal.obj (.far)
                  8fa5fdf0    00000084     cabac1.obj (.far)
                  8fa5fe74    0000005c     bios.a64P : tsk.o64P (.far)
                  8fa5fed0    00000058     ratecontrol.obj (.far)
                  8fa5ff28    00000054     bios.a64P : obj_init.o64P (.far)
                  8fa5ff7c    00000050               : tsk_stup.o64P (.far)
                  8fa5ffcc    00000004     rts64plus.lib : fopen.obj (.far)
                  8fa5ffd0    00000040                   : cos.obj (.far)
                  8fa60010    00000040                   : sin.obj (.far)
                  8fa60050    00000038                   : sinh.obj (.far)
                  8fa60088    00000038                   : tan.obj (.far)
                  8fa600c0    00000030                   : exp.obj (.far)
                  8fa600f0    00000030                   : log.obj (.far)
                  8fa60120    00000030                   : tanh.obj (.far)
                  8fa60150    00000020     bios.a64P : sys.o64P (.far)
                  8fa60170    0000001c     rts64plus.lib : expf.obj (.far)
                  8fa6018c    00000004     --HOLE--
                  8fa60190    00000014     encoder.obj (.far)
                  8fa601a4    00000010     bios.a64P : exc.o64P (.far)
                  8fa601b4    00000010               : knl_tick.o64P (.far)
                  8fa601c4    0000000c               : utl_putc.o64P (.far)
                  8fa601d0    0000000c     rts64plus.lib : exit.obj (.far)
                  8fa601dc    00000008                   : _lock.obj (.far)
                  8fa601e4    00000004     --HOLE--
                  8fa601e8    00000008                   : trgdrv.obj (.far)
                  8fa601f0    00000001     getopt.obj (.far)

.idlcal    0    8fa601f4    00000004     UNINITIALIZED
                  8fa601f4    00000004     dm6446cfg.obj (.idlcal)

.cinit     0    8fa601f8    0000109c     
                  8fa601f8    0000032c     dm6446cfg.obj (.cinit)
                  8fa60524    00000004     --HOLE-- [fill = 0]
                  8fa60528    0000026c     bios.a64P : biosdata.o64P (.cinit)
                  8fa60794    00000004     --HOLE-- [fill = 0]
                  8fa60798    000001a4               : knl.o64P (.cinit)
                  8fa6093c    00000004     --HOLE-- [fill = 0]
                  8fa60940    00000140     rts64plus.lib : pow.obj (.cinit)
                  8fa60a80    000000b0     bios.a64P : swi.o64P (.cinit)
                  8fa60b30    0000008c     cabac1.obj (.cinit)
                  8fa60bbc    00000004     --HOLE-- [fill = 0]
                  8fa60bc0    00000080     bios.a64P : tsk.o64P (.cinit)
                  8fa60c40    00000070     ratecontrol.obj (.cinit)
                  8fa60cb0    0000006c     getopt.obj (.cinit)
                  8fa60d1c    00000004     --HOLE-- [fill = 0]
                  8fa60d20    0000006c     x264.obj (.cinit)
                  8fa60d8c    00000004     --HOLE-- [fill = 0]
                  8fa60d90    00000060     bios.a64P : tsk_stup.o64P (.cinit)
                  8fa60df0    0000005c     rts64plus.lib : defs.obj (.cinit)
                  8fa60e4c    00000004     --HOLE-- [fill = 0]
                  8fa60e50    0000005c                   : lowlev.obj (.cinit)
                  8fa60eac    00000004     --HOLE-- [fill = 0]
                  8fa60eb0    00000048                   : cos.obj (.cinit)
                  8fa60ef8    00000048                   : sin.obj (.cinit)
                  8fa60f40    00000048                   : sinh.obj (.cinit)
                  8fa60f88    00000048                   : tan.obj (.cinit)
                  8fa60fd0    00000040                   : exp.obj (.cinit)
                  8fa61010    00000040                   : log.obj (.cinit)
                  8fa61050    00000040                   : tanh.obj (.cinit)
                  8fa61090    0000003c     bios.a64P : exc.o64P (.cinit)
                  8fa610cc    00000004     --HOLE-- [fill = 0]
                  8fa610d0    00000034               : hwi.o64P (.cinit)
                  8fa61104    00000004     --HOLE-- [fill = 0]
                  8fa61108    0000002c               : utl_putc.o64P (.cinit)
                  8fa61134    00000004     --HOLE-- [fill = 0]
                  8fa61138    0000002c     rts64plus.lib : exit.obj (.cinit)
                  8fa61164    00000004     --HOLE-- [fill = 0]
                  8fa61168    00000024     bios.a64P : obj_init.o64P (.cinit)
                  8fa6118c    00000004     --HOLE-- [fill = 0]
                  8fa61190    00000024     rts64plus.lib : expf.obj (.cinit)
                  8fa611b4    00000004     --HOLE-- [fill = 0]
                  8fa611b8    0000001c     bios.a64P : exc_asm.o64P (.cinit)
                  8fa611d4    00000004     --HOLE-- [fill = 0]
                  8fa611d8    0000001c               : sys.o64P (.cinit)
                  8fa611f4    00000004     --HOLE-- [fill = 0]
                  8fa611f8    0000001c     encoder.obj (.cinit)
                  8fa61214    00000004     --HOLE-- [fill = 0]
                  8fa61218    0000001c     rts64plus.lib : _lock.obj (.cinit)
                  8fa61234    00000004     --HOLE-- [fill = 0]
                  8fa61238    00000018     bios.a64P : knl_tick.o64P (.cinit)
                  8fa61250    0000000c               : knl_swit.o64P (.cinit)
                  8fa6125c    00000004     --HOLE-- [fill = 0]
                  8fa61260    0000000c     rts64plus.lib : errno.obj (.cinit)
                  8fa6126c    00000004     --HOLE-- [fill = 0]
                  8fa61270    0000000c                   : fopen.obj (.cinit)
                  8fa6127c    00000004     --HOLE-- [fill = 0]
                  8fa61280    0000000c                   : signal.obj (.cinit)
                  8fa6128c    00000004     --HOLE-- [fill = 0]
                  8fa61290    00000004     (.pad.cinit) [fill = 0]

.mem       0    8fa61294    00000004     UNINITIALIZED
                  8fa61294    00000004     dm6446cfg.obj (.mem)

.sysinit   0    8fa612a0    00000480     
                  8fa612a0    000002a0     dm6446cfg.obj (.sysinit)
                  8fa61540    000000c0     bios.a64P : boot.o64P (.sysinit)
                  8fa61600    000000a0               : mem_init.o64P (.sysinit)
                  8fa616a0    00000060               : tsk_init.o64P (.sysinit)
                  8fa61700    00000020               : obj_init.o64P (.sysinit)

.TSK_idle$stk 
*          0    8fa61720    00000400     UNINITIALIZED
                  8fa61720    00000400     dm6446cfg.obj (.TSK_idle$stk)

.tsk       0    8fa61b20    00000060     UNINITIALIZED
                  8fa61b20    00000060     dm6446cfg.obj (.tsk)

.swi       0    8fa61b80    0000002c     UNINITIALIZED
                  8fa61b80    0000002c     dm6446cfg.obj (.swi)

.gblinit   0    8fa61bac    00000028     
                  8fa61bac    00000028     dm6446cfg.obj (.gblinit)

.log       0    8fa61bd4    00000018     
                  8fa61bd4    00000018     dm6446cfg.obj (.log)

.sts       0    8fa61bec    00000010     
                  8fa61bec    00000010     dm6446cfg.obj (.sts)

.hwi_vec   0    8fa61c00    00000200     
                  8fa61c00    00000200     dm6446cfg.obj (.hwi_vec)

.trace     0    8fa61e00    00000200     
                  8fa61e00    00000200     --HOLE-- [fill = 00000000]

.cio       0    8fa62000    00000120     UNINITIALIZED
                  8fa62000    00000120     rts64plus.lib : trgmsg.obj (.cio)

.sys       0    8fa62120    00000010     UNINITIALIZED
                  8fa62120    00000010     dm6446cfg.obj (.sys)

.LOG_system$buf 
*          0    8fa62200    00000100     UNINITIALIZED
                  8fa62200    00000100     dm6446cfg.obj (.LOG_system$buf)


GLOBAL SYMBOLS: SORTED ALPHABETICALLY BY Name 

address    name
--------   ----
11f08000   $bss
11f08000   .bss
8fa00000   .data
8fa00000   .text
ffffffff   ARM_RAM
8fa612a0   BIOS_init
8fa61468   BIOS_start
00000000   BUF$
00000001   BUF_ENABLED
8fa4f200   C$$EXIT
8fa4ec58   C$$IO$$
ffffffff   CACHE_L1D
ffffffff   CACHE_L1P
ffffffff   CACHE_L2
00000001   CLK$
8fa5af34   CLK_A_TABBEG
00000001   CLK_CALDIV
00000001   CLK_CALMULT
0008a6d8   CLK_COUNTSPMS
00000008   CLK_COUNTSPMSHIGH
11f08128   CLK_D_idletime
11f08124   CLK_D_isrhook
11f08120   CLK_D_tabbeg
11f0811c   CLK_D_timefxn
00000001   CLK_ENABLEHTIME
8fa5e620   CLK_F_gethtime
8fa5d360   CLK_F_getltime
8fa5d370   CLK_F_isr
8fa5d4b0   CLK_F_itime
8fa5b460   CLK_HOOKFXN
00000001   CLK_HTIMEDIV
00000001   CLK_HTIMEMULT
0008a6d8   CLK_HTIMEPERLTIME
00006978   CLK_INPUTCLK
00008000   CLK_INTBIT
00000001   CLK_LTIMEDIV
0008a6d8   CLK_LTIMEMULT
000003e8   CLK_MICROSECS
00000001   CLK_POWERENABLE
00006978   CLK_PRD
00000000   CLK_PRDHIGH
01c21800   CLK_REGS
00000000   CLK_RESETTIMER
11f08118   CLK_R_time
00000020   CLK_TCR
00000000   CLK_TDDR
00000000   CLK_TDDRHIGH
8fa5e620   CLK_TIMEFXN
00000001   CLK_TIMERNUM
00000005   CLK_TIMMODE
00000001   CLK_USETIMER
8fa5af38   CLK_null
11f08310   DDR
8fa00000   DDR$B
00000000   DDR$L
11f0830c   DDRALGHEAP
88000000   DDRALGHEAP$B
07a00000   DDRALGHEAP$L
00000000   DEV$
00000000   DGN$
00000000   DHL$
00000000   DHL_gChannelsAvailable
00000000   DIO$
00000000   DIO_NUMSWIBASE
00000000   DIO_NUMTSKBASE
00000000   DIO_STATIC
00000000   DPI$
ffffffff   DSPLINKMEM
00000000   ECM$
00000000   ECM_ENABLE
ffffffff   ECM_EVTMASK0
ffffffff   ECM_EVTMASK1
ffffffff   ECM_EVTMASK2
ffffffff   ECM_EVTMASK3
0000000a   EVENT10
00000064   EVENT100
00000065   EVENT101
00000066   EVENT102
00000067   EVENT103
00000068   EVENT104
00000069   EVENT105
0000006a   EVENT106
0000006b   EVENT107
0000006c   EVENT108
0000006d   EVENT109
0000000b   EVENT11
0000006e   EVENT110
0000006f   EVENT111
00000070   EVENT112
00000071   EVENT113
00000072   EVENT114
00000073   EVENT115
00000074   EVENT116
00000075   EVENT117
00000076   EVENT118
00000077   EVENT119
0000000c   EVENT12
00000078   EVENT120
00000079   EVENT121
0000007a   EVENT122
0000007b   EVENT123
0000007c   EVENT124
0000007d   EVENT125
0000007e   EVENT126
0000007f   EVENT127
0000000d   EVENT13
0000000e   EVENT14
0000000f   EVENT15
00000010   EVENT16
00000011   EVENT17
00000012   EVENT18
00000013   EVENT19
00000014   EVENT20
00000015   EVENT21
00000016   EVENT22
00000017   EVENT23
00000018   EVENT24
00000019   EVENT25
0000001a   EVENT26
0000001b   EVENT27
0000001c   EVENT28
0000001d   EVENT29
0000001e   EVENT30
0000001f   EVENT31
00000020   EVENT32
00000021   EVENT33
00000022   EVENT34
00000023   EVENT35
00000024   EVENT36
00000025   EVENT37
00000026   EVENT38
00000027   EVENT39
00000004   EVENT4
00000028   EVENT40
00000029   EVENT41
0000002a   EVENT42
0000002b   EVENT43
0000002c   EVENT44
0000002d   EVENT45
0000002e   EVENT46
0000002f   EVENT47
00000030   EVENT48
00000031   EVENT49
00000005   EVENT5
00000032   EVENT50
00000033   EVENT51
00000034   EVENT52
00000035   EVENT53
00000036   EVENT54
00000037   EVENT55
00000038   EVENT56
00000039   EVENT57
0000003a   EVENT58
0000003b   EVENT59
00000006   EVENT6
0000003c   EVENT60
0000003d   EVENT61
0000003e   EVENT62
0000003f   EVENT63
00000040   EVENT64
00000041   EVENT65
00000042   EVENT66
00000043   EVENT67
00000044   EVENT68
00000045   EVENT69
00000007   EVENT7
00000046   EVENT70
00000047   EVENT71
00000048   EVENT72
00000049   EVENT73
0000004a   EVENT74
0000004b   EVENT75
0000004c   EVENT76
0000004d   EVENT77
0000004e   EVENT78
0000004f   EVENT79
00000008   EVENT8
00000050   EVENT80
00000051   EVENT81
00000052   EVENT82
00000053   EVENT83
00000054   EVENT84
00000055   EVENT85
00000056   EVENT86
00000057   EVENT87
00000058   EVENT88
00000059   EVENT89
00000009   EVENT9
0000005a   EVENT90
0000005b   EVENT91
0000005c   EVENT92
0000005d   EVENT93
0000005e   EVENT94
0000005f   EVENT95
00000060   EVENT96
00000061   EVENT97
00000062   EVENT98
00000063   EVENT99
8fa5e2e0   FXN_F_nop
8fa5e2e4   FXN_F_run
8fa5e320   FXN_F_zero
00000001   GBL$
00005205   GBL_A_VERSION
00000000   GBL_BCACHEREADADDR0
00000000   GBL_BCACHEREADADDR1
00000000   GBL_BCACHEREADADDR2
00000000   GBL_BIGENDIAN
00000000   GBL_CACHE
00000000   GBL_CALLCSLCFGINIT
00004e20   GBL_CLKIN
000001a4   GBL_CLKTYPE
00001963   GBL_DSPSUBTYPE
0000003e   GBL_DSPTYPE
00000000   GBL_ENABLEINST
00000000   GBL_ENABLE_SK
00000042   GBL_FOOTPRINT
0008a6d8   GBL_FREQ
00000000   GBL_GEMTRUECOMPEN
00000007   GBL_L1DMODE
00000007   GBL_L1PMODE
00000001   GBL_L2CONFIGURE
00000000   GBL_L2MAR0_31
0000ffff   GBL_L2MAR128_159
00000000   GBL_L2MAR160_191
00000000   GBL_L2MAR192_223
00000000   GBL_L2MAR224_255
00000000   GBL_L2MAR32_63
00000000   GBL_L2MAR64_95
00000000   GBL_L2MAR96_127
00000002   GBL_L2MODE
00000000   GBL_NULL
00000000   GBL_PROCID
00000000   GBL_ROM
00000000   GBL_SUPPORTCSL
00004000   GBL_TRCMASKVALUE
00000000   GBL_USERINIT
8fa5e560   GBL_USERINITFXN
00000001   GBL_boot
11f087d0   GBL_initdone
11f06000   GBL_stackbeg
11f07fff   GBL_stackend
00000000   GIO$
8fa5e560   GIO_CREATEFXN
8fa5e560   GIO_DELETEFXN
8fa5e560   GIO_PENDFXN
8fa5e560   GIO_POSTFXN
00000000   HOOK$
00000000   HOOK_KNLID
00000000   HST$
8fa00000   HST_A_TABBEG
8fa00000   HST_A_TABEND
00000000   HST_DSM
11f08310   HST_DSMBUFSEG
00000400   HST_DSMMEMSIZE
11f08194   HST_D_chanmask
11f08198   HST_D_tabbeg
11f0819c   HST_D_tabend
00000100   HST_MAXFRAMEALLOWED
00000000   HST_MAXFRAMESET
00000001   HST_NONE
00000000   HST_RTDX
00000001   HWI$
8fa61c00   HWI_A_VECS
00008000   HWI_CFGDISPATCHED
11f08370   HWI_D_bss
11f08374   HWI_D_ccmask
11f08360   HWI_D_spsave
00000001   HWI_ENABLE_EXC
8fa5b460   HWI_F_dispatch
00000000   HWI_GENERATE_RESET_VEC
0000000a   HWI_INT10
00000000   HWI_INT10$hwi
0000000b   HWI_INT11
00000000   HWI_INT11$hwi
0000000c   HWI_INT12
00000000   HWI_INT12$hwi
0000000d   HWI_INT13
00000000   HWI_INT13$hwi
0000000e   HWI_INT14
00000000   HWI_INT14$hwi
0000000f   HWI_INT15
00000000   HWI_INT15$hwi
00000004   HWI_INT4
00000000   HWI_INT4$hwi
00000005   HWI_INT5
00000000   HWI_INT5$hwi
00000006   HWI_INT6
00000000   HWI_INT6$hwi
00000007   HWI_INT7
00000000   HWI_INT7$hwi
00000008   HWI_INT8
00000000   HWI_INT8$hwi
00000009   HWI_INT9
00000000   HWI_INT9$hwi
07060504   HWI_INTRMUX1
0a0a0908   HWI_INTRMUX2
06040d0b   HWI_INTRMUX3
00000001   HWI_NMI
00000000   HWI_NMI$hwi
00000000   HWI_POLARITYMASK
00000002   HWI_RESERVED0
00000000   HWI_RESERVED0$hwi
00000003   HWI_RESERVED1
00000000   HWI_RESERVED1$hwi
00000000   HWI_RESET
00000000   HWI_RESET$hwi
00000000   HWI_ZEROTAB
00000000   IDL$
8fa601f4   IDL_A_CALBEG
8fa5af3c   IDL_A_TABBEG
00000000   IDL_CALIBRERROR
00000000   IDL_CALIBRFXN
11f08108   IDL_D_calbeg
11f08104   IDL_D_calibrate
11f08100   IDL_D_tabbeg
8fa5af3c   IDL_END
8fa601f4   IDL_END$
8fa5e5a0   IDL_F_loop
00000000   IDL_USECLKIDLTIME
00000001   ISRC$
8fa5d658   KNL_glue
8fa61b80   KNL_swi
00000001   KNL_swi$dorta
00000000   KNL_swi$ord
00000000   KNL_swi$pri
8fa61bf0   KNL_swi$sts
8fa5af44   KNL_swi$sts$avgfmt
00000002   KNL_swi$sts$filter
00000001   KNL_swi$sts$filtmaxmult
00000001   KNL_swi$sts$filtsummult
8fa5af34   KNL_swi$sts$maxfmt
8fa61bec   KNL_swi$sts$stsobj
8fa5af3c   KNL_swi$sts$sumfmt
00000000   KNL_swi$sts$unittype
00000000   KNL_swi$swi
11f08314   L1DSRAM
11f04000   L1DSRAM$B
00002000   L1DSRAM$L
00000001   LCK$
00000001   LOG$
8fa61bd4   LOG_A_TABBEG
8fa61bec   LOG_A_TABEND
00000001   LOG_A_TABLEN
11f0810c   LOG_D_system
00000001   LOG_ENABLED
8fa5e200   LOG_F_event
8fa61bd4   LOG_system
8fa62200   LOG_system$buf
00000000   LOG_system$datatype
00000000   LOG_system$log
00000040   LOG_system$size
00000000   MBX$
00000001   MEM$
11f0830c   MEM_MALLOCSEG
00000000   MEM_NULL
11f0830c   MEM_SEGZERO
00000000   MEM_USEMPC
00000003   MEM_gNumHeap
00000000   MSGQ$
00000000   MSGQ_USEMSGQ
00000000   OBJ$
00000000   PIP$
8fa00000   PIP_A_TABBEG
8fa00000   PIP_A_TABEND
00000000   PIP_A_TABLEN
11f08110   PIP_D_tabbeg
11f08114   PIP_D_tablen
00000064   PIP_OBJSIZE
00000000   PIP_gNextId
00000000   PIP_gNumEmbed
00000000   POOL$
00000000   POOL_USEPOOL
00000001   PRD$
8fa00000   PRD_A_TABBEG
8fa00000   PRD_A_TABEND
00000000   PRD_A_TABLEN
11f08150   PRD_D_cur
11f08154   PRD_D_elapsed
11f08158   PRD_D_prevtim
11f0815c   PRD_D_scalar
11f08160   PRD_D_swihandle
11f08164   PRD_D_tabbeg
11f08168   PRD_D_tablen
11f0816c   PRD_D_thook
11f0814c   PRD_D_tick
8fa5be00   PRD_F_swi
8fa5c084   PRD_F_tick
00004000   PRD_SCALAR
00000000   PRD_SWIHANDLE
8fa5cfec   PRD_THOOKFXN
8fa5af34   PRD_clock
00000001   QUE$
ffffffff   RESET_VECTOR
11f08170   RTA_D_fromHost
11f08178   RTA_D_logval
11f08188   RTA_D_stsval
11f08174   RTA_D_toHost
00000000   RTDX$
00000408   RTDX_BUFMEMSIZE
11f08310   RTDX_DATAMEMSEG
00000000   RTDX_MODE
00000000   RTDX_USERTDX
00000000   RTDX_USERTEXECUTION
00000000   SEM$
00000000   SIO$
00000000   STS$
8fa61bec   STS_A_TABBEG
8fa61bfc   STS_A_TABEND
8fa5e42c   STS_F_add
8fa5e400   STS_F_delta
8fa5e448   STS_F_reset
00000001   SWI$
8fa61b80   SWI_A_TABBEG
8fa61bac   SWI_A_TABEND
00000001   SWI_A_TABLEN
11f081e4   SWI_D_curfxn
11f081d4   SWI_D_curmask
11f081e0   SWI_D_curmbox
11f081d8   SWI_D_curset
11f081d0   SWI_D_execaddr
11f081ec   SWI_D_inswi
11f081dc   SWI_D_lock
11f081e8   SWI_D_rdybeg
11f081f0   SWI_D_rdytab
11f081cc   SWI_D_runaddr
00000000   SWI_EHOOKFXN
8fa5bb24   SWI_EXECFXN
8fa5b940   SWI_F_enable
8fa5bb24   SWI_F_exec
8fa5bb4c   SWI_F_iexec
8fa5b9b0   SWI_F_post
8fa5bbcc   SWI_F_run
00000000   SWI_IHOOKFXN
8fa5bbcc   SWI_RUNFXN
00000001   SYS$
8fa62120   SYS$config
8fa5e520   SYS_ABORTFXN
8fa5e5e0   SYS_ERRORFXN
8fa5e600   SYS_EXITFXN
8fa5e4c0   SYS_PUTCFXN
11f087cc   TRC_R_mask
11f087c8   TRC_cinit
00000001   TSK$
00000000   TSK_NUM_HOOKS
00000001   TSK_PRIORITY
00000000   TSK_READYFXN
11f08314   TSK_STACKSEG
00000400   TSK_STACKSIZE
00000000   TSK_SWITCHFXN
8fa5e560   TSK_VCREATEFXN
8fa5e560   TSK_VDELETEFXN
8fa5e560   TSK_VEXITFXN
8fa61b2c   TSK_idle
00000000   TSK_idle$ord
00000000   TSK_idle$pri
8fa61720   TSK_idle$stack
8fa61ab8   TSK_idle$stkptr
00000000   TSK_idle$tsk
00000000   UDEV$
ffffffff   _ARM_RAM
8fa5d994   _BCACHE_bootInit
8fa5da14   _BCACHE_getMar
8fa5d9c4   _BCACHE_getSize
8fa5d994   _BCACHE_setCacheToSram
8fa5d944   _BCACHE_setMar
8fa5d900   _BCACHE_setSize
8fa612a0   _BIOS_init
8fa61468   _BIOS_start
ffffffff   _CACHE_L1D
ffffffff   _CACHE_L1P
ffffffff   _CACHE_L2
0008a6d8   _CLK_COUNTSPMS
11f08394   _CLK_DFLTMICROSECS
11f08148   _CLK_D_countspms
11f0813c   _CLK_D_dirty
11f08398   _CLK_D_microseconds
11f08140   _CLK_D_prd
11f08144   _CLK_D_tddr
8fa5d4b0   _CLK_F_itime
00006978   _CLK_PRD
01c21800   _CLK_REGS
00000000   _CLK_TDDR
00000001   _CLK_TIMERNUM
00000001   _CLK_USETIMER
8fa5e620   _CLK_gethtime
11f0812c   _CLK_htimeDiv
11f08130   _CLK_htimeMult
11f0833c   _CLK_htimePerLtime
8fa5f954   _CLK_inputClock
8fa5d4b0   _CLK_itime
11f08134   _CLK_ltimeDiv
11f08138   _CLK_ltimeMult
11f08310   _DDR
11f0830c   _DDRALGHEAP
88000000   _DDRALGHEAP_base
07a00000   _DDRALGHEAP_length
8fa00000   _DDR_base
00000000   _DDR_length
ffffffff   _DSPLINKMEM
0000000a   _EVENT10
00000064   _EVENT100
00000065   _EVENT101
00000066   _EVENT102
00000067   _EVENT103
00000068   _EVENT104
00000069   _EVENT105
0000006a   _EVENT106
0000006b   _EVENT107
0000006c   _EVENT108
0000006d   _EVENT109
0000000b   _EVENT11
0000006e   _EVENT110
0000006f   _EVENT111
00000070   _EVENT112
00000071   _EVENT113
00000072   _EVENT114
00000073   _EVENT115
00000074   _EVENT116
00000075   _EVENT117
00000076   _EVENT118
00000077   _EVENT119
0000000c   _EVENT12
00000078   _EVENT120
00000079   _EVENT121
0000007a   _EVENT122
0000007b   _EVENT123
0000007c   _EVENT124
0000007d   _EVENT125
0000007e   _EVENT126
0000007f   _EVENT127
0000000d   _EVENT13
0000000e   _EVENT14
0000000f   _EVENT15
00000010   _EVENT16
00000011   _EVENT17
00000012   _EVENT18
00000013   _EVENT19
00000014   _EVENT20
00000015   _EVENT21
00000016   _EVENT22
00000017   _EVENT23
00000018   _EVENT24
00000019   _EVENT25
0000001a   _EVENT26
0000001b   _EVENT27
0000001c   _EVENT28
0000001d   _EVENT29
0000001e   _EVENT30
0000001f   _EVENT31
00000020   _EVENT32
00000021   _EVENT33
00000022   _EVENT34
00000023   _EVENT35
00000024   _EVENT36
00000025   _EVENT37
00000026   _EVENT38
00000027   _EVENT39
00000004   _EVENT4
00000028   _EVENT40
00000029   _EVENT41
0000002a   _EVENT42
0000002b   _EVENT43
0000002c   _EVENT44
0000002d   _EVENT45
0000002e   _EVENT46
0000002f   _EVENT47
00000030   _EVENT48
00000031   _EVENT49
00000005   _EVENT5
00000032   _EVENT50
00000033   _EVENT51
00000034   _EVENT52
00000035   _EVENT53
00000036   _EVENT54
00000037   _EVENT55
00000038   _EVENT56
00000039   _EVENT57
0000003a   _EVENT58
0000003b   _EVENT59
00000006   _EVENT6
0000003c   _EVENT60
0000003d   _EVENT61
0000003e   _EVENT62
0000003f   _EVENT63
00000040   _EVENT64
00000041   _EVENT65
00000042   _EVENT66
00000043   _EVENT67
00000044   _EVENT68
00000045   _EVENT69
00000007   _EVENT7
00000046   _EVENT70
00000047   _EVENT71
00000048   _EVENT72
00000049   _EVENT73
0000004a   _EVENT74
0000004b   _EVENT75
0000004c   _EVENT76
0000004d   _EVENT77
0000004e   _EVENT78
0000004f   _EVENT79
00000008   _EVENT8
00000050   _EVENT80
00000051   _EVENT81
00000052   _EVENT82
00000053   _EVENT83
00000054   _EVENT84
00000055   _EVENT85
00000056   _EVENT86
00000057   _EVENT87
00000058   _EVENT88
00000059   _EVENT89
00000009   _EVENT9
0000005a   _EVENT90
0000005b   _EVENT91
0000005c   _EVENT92
0000005d   _EVENT93
0000005e   _EVENT94
0000005f   _EVENT95
00000060   _EVENT96
00000061   _EVENT97
00000062   _EVENT98
00000063   _EVENT99
8fa5b430   _EXC_clearLastStatus
8fa5cc40   _EXC_dispatch
8fa5b2b4   _EXC_exceptionHandler
11f08378   _EXC_exceptionHook
8fa5b280   _EXC_external
11f08380   _EXC_externalHook
8fa5b260   _EXC_getLastStatus
8fa5b220   _EXC_init
8fa5af74   _EXC_internal
11f0837c   _EXC_internalHook
8fa5af40   _EXC_nmi
11f08384   _EXC_nmiHook
11f08348   _EXC_returnPtr
8fa5ce04   _EXC_setReturnPtr
8fa601a4   _EXC_status
11f08340   _EXC_sysTrapTable
8fa5e560   _FXN_F_nop
8fa5e2e4   _FXN_F_run
8fa5e320   _FXN_F_zero
00000000   _GBL_CACHE
8fa5daa4   _GBL_cacheInit64P
11f081a4   _GBL_clkIn
11f081a8   _GBL_freq
8fa5e580   _GBL_getVersion
11f081a0   _GBL_procId
8fa4d540   _HOSTclose
8fa4bd00   _HOSTlseek
8fa4c200   _HOSTopen
8fa4cac0   _HOSTread
8fa4a6a0   _HOSTrename
8fa4cb80   _HOSTunlink
8fa4cc40   _HOSTwrite
8fa00000   _HST_A_TABBEG
8fa00000   _HST_A_TABEND
00008000   _HWI_CFGDISPATCHED
11f0836c   _HWI_D_inhwi
11f08360   _HWI_D_spsave
8fa5b460   _HWI_F_dispatch
0000000a   _HWI_INT10
0000000b   _HWI_INT11
0000000c   _HWI_INT12
0000000d   _HWI_INT13
0000000e   _HWI_INT14
0000000f   _HWI_INT15
00000004   _HWI_INT4
00000005   _HWI_INT5
00000006   _HWI_INT6
00000007   _HWI_INT7
00000008   _HWI_INT8
00000009   _HWI_INT9
00000001   _HWI_NMI
00000002   _HWI_RESERVED0
00000003   _HWI_RESERVED1
00000000   _HWI_RESET
11f07ff8   _HWI_STKBOTTOM
11f06000   _HWI_STKTOP
11f08360   _HWI_data
8fa5e340   _HWI_disable
11f08000   _HWI_dispatchTab
8fa5e358   _HWI_enable
8fa5e36c   _HWI_restore
8fa5e5a0   _IDL_loop
11f08270   _KNL_alarm
8fa5db60   _KNL_check
11f08294   _KNL_curqueue
11f08284   _KNL_curtask
11f0828c   _KNL_curtime
8fa5fc38   _KNL_dummy
8fa5dec0   _KNL_enter
8fa5de80   _KNL_exit
8fa5dc28   _KNL_idle
11f082ac   _KNL_idlefxn
11f08278   _KNL_inactive
8fa5e080   _KNL_ipost
8fa5dc50   _KNL_max
11f08298   _KNL_maxqueue
8fa5e100   _KNL_post
11f08288   _KNL_prevtask
11f0827c   _KNL_priority
8fa5fb98   _KNL_queues
8fa5c420   _KNL_run
8fa5d500   _KNL_saveIsrFrame
11f08280   _KNL_set
11f08274   _KNL_setpri
8fa61b80   _KNL_swi
11f08290   _KNL_swiptr
8fa5d5ac   _KNL_switch
11f082a0   _KNL_tcreatefxn
11f082a4   _KNL_tdeletefxn
8fa5cfec   _KNL_tick
11f082a8   _KNL_treadyfxn
11f0829c   _KNL_tswitchfxn
11f08268   _KNL_wFlag
11f0826c   _KNL_wList
11f08314   _L1DHEAP
11f08314   _L1DSRAM
11f04000   _L1DSRAM_base
00002000   _L1DSRAM_length
8fa5e1a0   _LCK_pend
8fa5e180   _LCK_post
8fa61bd4   _LOG_A_TABBEG
8fa61bec   _LOG_A_TABEND
00000001   _LOG_A_TABLEN
11f0810c   _LOG_D_system
8fa5e200   _LOG_event
8fa61bd4   _LOG_system
11f083a4   _MEM
11f081ac   _MEM_D_NUMSEGMENTS
11f081b4   _MEM_D_freelist
11f081b8   _MEM_D_lockaddr
11f081b0   _MEM_D_memtab
11f081bc   _MEM_D_unlockaddr
8fa5ca60   _MEM_alloc
8fa5c660   _MEM_free
8fa61600   _MEM_init
11f082e8   _MEM_memtab
8fa61700   _OBJ_init
8fa5ff60   _OBJ_segtab
8fa5ff28   _OBJ_table
8fa00000   _PIP_A_TABBEG
8fa00000   _PIP_A_TABEND
11f0814c   _PRD_D_tick
8fa5af34   _PRD_clock
ffffffff   _RESET_VECTOR
8fa5e3a0   _SEM_pend
8fa5c860   _SEM_pendEnterKnl
8fa5dda0   _SEM_post
8fa5dda0   _SEM_postBinary
8fa5df40   _SEM_postEnterKnl
8fa61bec   _STS_A_TABBEG
8fa61bfc   _STS_A_TABEND
8fa5e42c   _STS_add
8fa5e400   _STS_delta
8fa5e448   _STS_reset
8fa5e5c0   _STS_set
11f081e4   _SWI_D_curfxn
11f081d4   _SWI_D_curmask
11f081d8   _SWI_D_curset
11f081d0   _SWI_D_execaddr
11f081ec   _SWI_D_inswi
11f081dc   _SWI_D_lock
11f081e8   _SWI_D_rdybeg
11f081cc   _SWI_D_runaddr
11f081cc   _SWI_data
8fa5b9b0   _SWI_post
11f081c0   _SYS
8fa61e00   _SYS_PUTCBEG
8fa61fff   _SYS_PUTCEND
8fa5e460   _SYS_abort
8fa5e280   _SYS_error
8fa5dfe0   _SYS_exit
8fa60150   _SYS_exitStack
11f0839c   _SYS_exitStackPtr
11f083a0   _SYS_exitStackTop
11f087cc   _TRC_R_mask
11f08390   _TSK
8fa5fe74   _TSK_ATTRS
8fa5fe90   _TSK_config
8fa5d7c0   _TSK_exit
8fa61b2c   _TSK_idle
8fa616a0   _TSK_init
11f08388   _TSK_nTasks
11f0838c   _TSK_pid
8fa5d1c0   _TSK_setup
8fa5dd24   _TSK_startup
8fa5feb0   _TSK_timerSem
8fa5e520   _UTL_doAbort
8fa5e5e0   _UTL_doError
8fa5e4c0   _UTL_doPutc
8fa5e600   _UTL_halt
8fa62000   __CIOBUF_
8fa5d4d0   __CLK_lat1beg
8fa5d4f0   __CLK_lat1end
11f081c8   __HOOK_NUMHOOKS
11f081c4   __HOOK_knlId
8fa5b460   __HWI_lat1beg
8fa5b600   __HWI_lat1end
8fa5b600   __HWI_lat2beg
8fa5b7d8   __HWI_lat2end1
8fa5b768   __HWI_lat2end2
8fa5b7f4   __HWI_lat3beg
8fa5b798   __HWI_lat3end2
8fa5dbac   __KNL_lat1beg
8fa5dc28   __KNL_lat1end
8fa5e200   __LOG_lat1beg
8fa5ffa4   __MEM_mutex
8fa5d000   __SEM_dopost
11f08000   __STACK_END
00002000   __STACK_SIZE
8fa5bab8   __SWI_lat1beg
8fa5bb64   __SWI_lat1end
8fa5bb68   __SWI_lat2beg
8fa5bbc8   __SWI_lat2end
8fa5b940   __SWI_lat3beg
8fa5b9ac   __SWI_lat3end
8fa5ff7c   __TSK_mutex
8fa601d8   ___TI_enable_exit_profile_output
ffffffff   ___TI_pprof_out_hndl
ffffffff   ___TI_prof_data_size
ffffffff   ___TI_prof_data_start
ffffffff   ___binit__
11f08000   ___bss__
ffffffff   ___c_args__
8fa601f8   ___cinit__
8fa00000   ___data__
8fa00000   ___edata__
11f083ac   ___end__
8fa4f2a0   ___etext__
8fa4ec60   ___isinf
ffffffff   ___pinit__
11f0832c   ___progname
8fa00000   ___text__
8fa4e4e0   __abort_msg
8fa48d00   __addd
8fa46a60   __addf
8fa5d680   __auto_init
8fa4b1c0   __buff_read
8fa4c3c0   __c6xabi_divi
8fa4cdc0   __c6xabi_divu
8fa4d000   __c6xabi_remi
8fa4eea0   __c6xabi_strasgi_64plus
8fa4d5e0   __cleanup
8fa601d0   __cleanup_ptr
8fa4b2e0   __closefile
8fa4c2e0   __cmpd
8fa4dfe0   __cmpf
8fa58898   __ctypes_
8fa4d680   __cvtdf
8fa4e540   __cvtfd
8fa412e0   __divd
8fa454a0   __divf
8fa4c3c0   __divi
8fa4d720   __divli
8fa4b400   __divlli
8fa4cdc0   __divu
8fa4a020   __divul
8fa47d40   __divull
8fa4ce80   __doflush
8fa601d4   __dtors_ptr
8fa4e060   __fixdi
8fa4d900   __fixdli
8fa4b520   __fixdull
8fa4e0e0   __fixfi
8fa4e5a0   __fltid
8fa4e600   __fltif
8fa4e160   __fltlid
8fa4c4a0   __fltllid
8fa4c580   __fltllif
8fa4d9a0   __fltulld
8fa48f00   __frcaddd
8fa4be00   __frcmpyd
8fa4ece0   __frcmpyd_div
8fa4e660   __frcmpyf
8fa4ed20   __frcmpyf_div
8fa5f950   __ft_end
8fa5f630   __ftable
8fa4e1e0   __llshl
8fa4ed60   __llshru
8fa601dc   __lock
8fa47fa0   __mpyd
8fa49100   __mpyf
8fa4eda0   __negd
8fa4f080   __negll
8fa4f0a0   __nop
8fa4bf00   __nround
8fa434a0   __printfi
8fa4cf40   __rd_ok
8fa4f180   __register_lock
8fa4f1a0   __register_unlock
8fa4d000   __remi
8fa4ee20   __remli
8fa4e6c0   __remlli
8fa4ee60   __remul
8fa4e720   __remull
8fa4e2e0   __renormd
8fa3f640   __scanfi
11f06000   __stack
8fa4eea0   __strasgi_64plus
8fa4e780   __subcull
8fa4eee0   __subd
8fa4ef20   __subf
8fa5f810   __tmpnams
8fa4f1c0   __trunc
8fa601e0   __unlock
8fa4c000   __wrt_ok
8fa4f200   _abort
11f082dc   _argcdef
8fa5f1f8   _argvdef
8fa4f220   _atof
8fa4c660   _atoi
8fa4bac0   _atol
8fa61540   _c_int00
8fa5c3b8   _calloc
8fa4c740   _close
8fa44140   _cos
8fa4a820   _cosh
8fa5e640   _data
8fa5fb94   _errno
8fa4d0c0   _exit
8fa47580   _exp
8fa4f240   _exp2f
8fa49500   _expf
8fa4e7e0   _fclose
8fa4c820   _fflush
8fa4e840   _fopen
8fa4c100   _fprintf
8fa488c0   _fputc
8fa45100   _fputs
8fa47820   _fread
8fa5c180   _free
8fa4a500   _frexp
8fa4aca0   _frexpf
8fa4bbe0   _fseek
8fa4af40   _ftell
8fa42720   _fwrite
8fa3e724   _getopt
8fa3e7a4   _getopt_long
8fa594a8   _i_qp0_cost_table
8fa49e60   _ldexp
8fa4a9a0   _ldexpf
8fa4ef60   _llabs
8fa46760   _log
8fa4db80   _lseek
8fa4d180   _ltoa
8fa265e0   _main
8fa5c1a8   _malloc
8fa5c2d8   _memalign
8fa4e8a0   _memccpy
8fa4e900   _memcmp
8fa4dc20   _memcpy
8fa4c900   _memset
8fa3a68c   _mk_addFrameData
8fa3a6e0   _mk_close
8fa39d44   _mk_createWriter
8fa3a298   _mk_flushFrame
8fa3a614   _mk_setFrameFlags
8fa3a5e0   _mk_startFrame
8fa39de8   _mk_writeHeader
8fa4dcc0   _modf
8fa4e960   _modff
8fa4ab20   _open
11f08328   _optarg
11f08318   _opterr
11f0831c   _optind
11f08320   _optopt
11f08324   _optreset
8fa3ecc0   _pow
8fa4c9e0   _printf
8fa488c0   _putc
8fa4dd60   _read
8fa4e360   _readmsg
8fa5c20c   _realloc
8fa4f260   _remove
8fa4d240   _rename
8fa49700   _setvbuf
8fa4d300   _signal
8fa44d40   _sin
8fa45e40   _sinh
8fa4de00   _snprintf
8fa48ae0   _sqrt
8fa49900   _sqrtf
8fa4e9c0   _sscanf
8fa4e3e0   _strcat
8fa4efa0   _strchr
8fa4efe0   _strcmp
8fa4ea20   _strcpy
8fa4ea80   _strcspn
8fa4f020   _strlen
8fa4eae0   _strncmp
8fa4eb40   _strpbrk
8fa4dea0   _strstr
8fa41820   _strtod
8fa42be0   _strtol
8fa41d40   _strtold
8fa43040   _strtoll
8fa44540   _strtoul
8fa44940   _strtoull
8fa43d20   _tan
8fa48200   _tanh
8fa4e460   _unlink
8fa4d3c0   _vfprintf
8fa4df40   _write
8fa4ec00   _writemsg
8fa3ad18   _x264_cabac_context_init
8fa3b018   _x264_cabac_decode_bypass
8fa3aeb0   _x264_cabac_decode_decision
8fa3ae6c   _x264_cabac_decode_init
8fa3b0a0   _x264_cabac_decode_terminal
8fa3b5b0   _x264_cabac_encode_bypass
8fa3b440   _x264_cabac_encode_decision
8fa3b724   _x264_cabac_encode_flush
8fa3b3c0   _x264_cabac_encode_init
8fa3b6ac   _x264_cabac_encode_terminal
8fa2aff8   _x264_cabac_mb_skip
8fa3b14c   _x264_cabac_model_get
8fa3b0ec   _x264_cabac_model_init
8fa3b16c   _x264_cabac_model_update
8fa4f280   _x264_cpu_detect
8fa4f288   _x264_cpu_restore
8fa3ff60   _x264_cqm_init
8fa40558   _x264_cqm_parse_file
8fa403b8   _x264_cqm_parse_jmlist
8fa37cb8   _x264_csp_init
8fa34d84   _x264_dct_init
8fa1a244   _x264_encoder_close
8fa18d10   _x264_encoder_encode
8fa1852c   _x264_encoder_headers
8fa17880   _x264_encoder_open
8fa18280   _x264_encoder_reconfig
8fa3d2f8   _x264_eval
8fa30464   _x264_frame_copy_picture
8fa30928   _x264_frame_deblocking_filter
8fa30374   _x264_frame_delete
8fa307f0   _x264_frame_expand_border
8fa3086c   _x264_frame_expand_border_filtered
8fa308d4   _x264_frame_expand_border_lowres
8fa3c0b0   _x264_frame_filter
8fa3c258   _x264_frame_init_lowres
8fa2ff44   _x264_frame_new
8fa3dea4   _x264_free
8fa3d7a4   _x264_log
8fa06c28   _x264_macroblock_analyse
8fa0f030   _x264_macroblock_bipred_init
8fa0c108   _x264_macroblock_cache_end
8fa0beb4   _x264_macroblock_cache_init
8fa0c580   _x264_macroblock_cache_load
8fa0e3f0   _x264_macroblock_cache_save
8fa251f8   _x264_macroblock_encode
8fa25064   _x264_macroblock_encode_pskip
8fa2d7f8   _x264_macroblock_luma_write_cavlc
8fa2614c   _x264_macroblock_probe_skip
8fa0c244   _x264_macroblock_slice_init
8fa2bb54   _x264_macroblock_write_cabac
8fa2d9c0   _x264_macroblock_write_cavlc
8fa3de50   _x264_malloc
8fa09438   _x264_mb_dequant_2x2_dc
8fa09834   _x264_mb_dequant_4x4
8fa095d4   _x264_mb_dequant_4x4_dc
8fa09b50   _x264_mb_dequant_8x8
8fa24550   _x264_mb_encode_i4x4
8fa24688   _x264_mb_encode_i8x8
8fa0b16c   _x264_mb_load_mv_direct8x8
8fa0b834   _x264_mb_mc
8fa091d0   _x264_mb_predict_intra4x4_mode
8fa0a0e0   _x264_mb_predict_mv
8fa0a4e8   _x264_mb_predict_mv_16x16
8fa0b078   _x264_mb_predict_mv_direct16x16
8fa0a744   _x264_mb_predict_mv_pskip
8fa0b2ec   _x264_mb_predict_mv_ref16x16
8fa09288   _x264_mb_predict_non_zero_code
8fa09304   _x264_mb_transform_8x8_allowed
8fa3c068   _x264_mc_init
8fa22088   _x264_me_refine_qpel
8fa1f80c   _x264_me_search_ref
8fa3dd6c   _x264_nal_decode
8fa3dc30   _x264_nal_encode
8fa3d3a0   _x264_param_default
8fa3d8c0   _x264_picture_alloc
8fa3dc08   _x264_picture_clean
8fa32f58   _x264_pixel_init
8fa38d64   _x264_pps_init
8fa3901c   _x264_pps_write
8fa154e0   _x264_predict_16x16_init
8fa15720   _x264_predict_4x4_init
8fa15620   _x264_predict_8x8_init
8fa15580   _x264_predict_8x8c_init
8fa1c314   _x264_ratecontrol_delete
8fa1c738   _x264_ratecontrol_end
8fa1c60c   _x264_ratecontrol_mb
8fa1b330   _x264_ratecontrol_new
8fa1c620   _x264_ratecontrol_qp
8fa1c638   _x264_ratecontrol_slice_type
8fa1c418   _x264_ratecontrol_start
8fa36580   _x264_rc_analyse_slice
8fa47b14   _x264_rd_cost_mb
8fa3dec4   _x264_realloc
8fa39230   _x264_sei_version_write
8fa35fcc   _x264_slicetype_analyse
8fa3636c   _x264_slicetype_decide
8fa35ce0   _x264_slicetype_frame_cost
8fa351a0   _x264_slicetype_mb_cost
8fa3df24   _x264_slurp_file
8fa38144   _x264_sps_init
8fa3876c   _x264_sps_write
ffffffff   binit
8fa601f8   cinit
8fa00000   edata
11f083ac   end
8fa4f2a0   etext
8fa61c00   hwi0
8fa61c20   hwi1
8fa61d40   hwi10
8fa61d60   hwi11
8fa61d80   hwi12
8fa61da0   hwi13
8fa61dc0   hwi14
8fa61de0   hwi15
8fa61c40   hwi2
8fa61c60   hwi3
8fa61c80   hwi4
8fa61ca0   hwi5
8fa61cc0   hwi6
8fa61ce0   hwi7
8fa61d00   hwi8
8fa61d20   hwi9
ffffffff   pinit


GLOBAL SYMBOLS: SORTED BY Symbol Address 

address    name
--------   ----
00000000   BUF$
00000000   CLK_PRDHIGH
00000000   CLK_RESETTIMER
00000000   CLK_TDDR
00000000   CLK_TDDRHIGH
00000000   DDR$L
00000000   DEV$
00000000   DGN$
00000000   DHL$
00000000   DHL_gChannelsAvailable
00000000   DIO$
00000000   DIO_NUMSWIBASE
00000000   DIO_NUMTSKBASE
00000000   DIO_STATIC
00000000   DPI$
00000000   ECM$
00000000   ECM_ENABLE
00000000   GBL_BCACHEREADADDR0
00000000   GBL_BCACHEREADADDR1
00000000   GBL_BCACHEREADADDR2
00000000   GBL_BIGENDIAN
00000000   GBL_CACHE
00000000   GBL_CALLCSLCFGINIT
00000000   GBL_ENABLEINST
00000000   GBL_ENABLE_SK
00000000   GBL_GEMTRUECOMPEN
00000000   GBL_L2MAR0_31
00000000   GBL_L2MAR160_191
00000000   GBL_L2MAR192_223
00000000   GBL_L2MAR224_255
00000000   GBL_L2MAR32_63
00000000   GBL_L2MAR64_95
00000000   GBL_L2MAR96_127
00000000   GBL_NULL
00000000   GBL_PROCID
00000000   GBL_ROM
00000000   GBL_SUPPORTCSL
00000000   GBL_USERINIT
00000000   GIO$
00000000   HOOK$
00000000   HOOK_KNLID
00000000   HST$
00000000   HST_DSM
00000000   HST_MAXFRAMESET
00000000   HST_RTDX
00000000   HWI_GENERATE_RESET_VEC
00000000   HWI_INT10$hwi
00000000   HWI_INT11$hwi
00000000   HWI_INT12$hwi
00000000   HWI_INT13$hwi
00000000   HWI_INT14$hwi
00000000   HWI_INT15$hwi
00000000   HWI_INT4$hwi
00000000   HWI_INT5$hwi
00000000   HWI_INT6$hwi
00000000   HWI_INT7$hwi
00000000   HWI_INT8$hwi
00000000   HWI_INT9$hwi
00000000   HWI_NMI$hwi
00000000   HWI_POLARITYMASK
00000000   HWI_RESERVED0$hwi
00000000   HWI_RESERVED1$hwi
00000000   HWI_RESET
00000000   HWI_RESET$hwi
00000000   HWI_ZEROTAB
00000000   IDL$
00000000   IDL_CALIBRERROR
00000000   IDL_CALIBRFXN
00000000   IDL_USECLKIDLTIME
00000000   KNL_swi$ord
00000000   KNL_swi$pri
00000000   KNL_swi$sts$unittype
00000000   KNL_swi$swi
00000000   LOG_system$datatype
00000000   LOG_system$log
00000000   MBX$
00000000   MEM_NULL
00000000   MEM_USEMPC
00000000   MSGQ$
00000000   MSGQ_USEMSGQ
00000000   OBJ$
00000000   PIP$
00000000   PIP_A_TABLEN
00000000   PIP_gNextId
00000000   PIP_gNumEmbed
00000000   POOL$
00000000   POOL_USEPOOL
00000000   PRD_A_TABLEN
00000000   PRD_SWIHANDLE
00000000   RTDX$
00000000   RTDX_MODE
00000000   RTDX_USERTDX
00000000   RTDX_USERTEXECUTION
00000000   SEM$
00000000   SIO$
00000000   STS$
00000000   SWI_EHOOKFXN
00000000   SWI_IHOOKFXN
00000000   TSK_NUM_HOOKS
00000000   TSK_READYFXN
00000000   TSK_SWITCHFXN
00000000   TSK_idle$ord
00000000   TSK_idle$pri
00000000   TSK_idle$tsk
00000000   UDEV$
00000000   _CLK_TDDR
00000000   _DDR_length
00000000   _GBL_CACHE
00000000   _HWI_RESET
00000001   BUF_ENABLED
00000001   CLK$
00000001   CLK_CALDIV
00000001   CLK_CALMULT
00000001   CLK_ENABLEHTIME
00000001   CLK_HTIMEDIV
00000001   CLK_HTIMEMULT
00000001   CLK_LTIMEDIV
00000001   CLK_POWERENABLE
00000001   CLK_TIMERNUM
00000001   CLK_USETIMER
00000001   GBL$
00000001   GBL_L2CONFIGURE
00000001   GBL_boot
00000001   HST_NONE
00000001   HWI$
00000001   HWI_ENABLE_EXC
00000001   HWI_NMI
00000001   ISRC$
00000001   KNL_swi$dorta
00000001   KNL_swi$sts$filtmaxmult
00000001   KNL_swi$sts$filtsummult
00000001   LCK$
00000001   LOG$
00000001   LOG_A_TABLEN
00000001   LOG_ENABLED
00000001   MEM$
00000001   PRD$
00000001   QUE$
00000001   SWI$
00000001   SWI_A_TABLEN
00000001   SYS$
00000001   TSK$
00000001   TSK_PRIORITY
00000001   _CLK_TIMERNUM
00000001   _CLK_USETIMER
00000001   _HWI_NMI
00000001   _LOG_A_TABLEN
00000002   GBL_L2MODE
00000002   HWI_RESERVED0
00000002   KNL_swi$sts$filter
00000002   _HWI_RESERVED0
00000003   HWI_RESERVED1
00000003   MEM_gNumHeap
00000003   _HWI_RESERVED1
00000004   EVENT4
00000004   HWI_INT4
00000004   _EVENT4
00000004   _HWI_INT4
00000005   CLK_TIMMODE
00000005   EVENT5
00000005   HWI_INT5
00000005   _EVENT5
00000005   _HWI_INT5
00000006   EVENT6
00000006   HWI_INT6
00000006   _EVENT6
00000006   _HWI_INT6
00000007   EVENT7
00000007   GBL_L1DMODE
00000007   GBL_L1PMODE
00000007   HWI_INT7
00000007   _EVENT7
00000007   _HWI_INT7
00000008   CLK_COUNTSPMSHIGH
00000008   EVENT8
00000008   HWI_INT8
00000008   _EVENT8
00000008   _HWI_INT8
00000009   EVENT9
00000009   HWI_INT9
00000009   _EVENT9
00000009   _HWI_INT9
0000000a   EVENT10
0000000a   HWI_INT10
0000000a   _EVENT10
0000000a   _HWI_INT10
0000000b   EVENT11
0000000b   HWI_INT11
0000000b   _EVENT11
0000000b   _HWI_INT11
0000000c   EVENT12
0000000c   HWI_INT12
0000000c   _EVENT12
0000000c   _HWI_INT12
0000000d   EVENT13
0000000d   HWI_INT13
0000000d   _EVENT13
0000000d   _HWI_INT13
0000000e   EVENT14
0000000e   HWI_INT14
0000000e   _EVENT14
0000000e   _HWI_INT14
0000000f   EVENT15
0000000f   HWI_INT15
0000000f   _EVENT15
0000000f   _HWI_INT15
00000010   EVENT16
00000010   _EVENT16
00000011   EVENT17
00000011   _EVENT17
00000012   EVENT18
00000012   _EVENT18
00000013   EVENT19
00000013   _EVENT19
00000014   EVENT20
00000014   _EVENT20
00000015   EVENT21
00000015   _EVENT21
00000016   EVENT22
00000016   _EVENT22
00000017   EVENT23
00000017   _EVENT23
00000018   EVENT24
00000018   _EVENT24
00000019   EVENT25
00000019   _EVENT25
0000001a   EVENT26
0000001a   _EVENT26
0000001b   EVENT27
0000001b   _EVENT27
0000001c   EVENT28
0000001c   _EVENT28
0000001d   EVENT29
0000001d   _EVENT29
0000001e   EVENT30
0000001e   _EVENT30
0000001f   EVENT31
0000001f   _EVENT31
[...]
00000030   EVENT48
00000030   _EVENT48
00000031   EVENT49
00000031   _EVENT49
00000032   EVENT50
00000032   _EVENT50
00000033   EVENT51
00000033   _EVENT51
00000034   EVENT52
00000034   _EVENT52
00000035   EVENT53
00000035   _EVENT53
00000036   EVENT54
00000036   _EVENT54
00000037   EVENT55
00000037   _EVENT55
00000038   EVENT56
00000038   _EVENT56
00000039   EVENT57
00000039   _EVENT57
0000003a   EVENT58
0000003a   _EVENT58
0000003b   EVENT59
0000003b   _EVENT59
0000003c   EVENT60
0000003c   _EVENT60
0000003d   EVENT61
0000003d   _EVENT61
0000003e   EVENT62
0000003e   GBL_DSPTYPE
0000003e   _EVENT62
0000003f   EVENT63
0000003f   _EVENT63
00000040   EVENT64
00000040   LOG_system$size
00000040   _EVENT64
00000041   EVENT65
00000041   _EVENT65
00000042   EVENT66
00000042   GBL_FOOTPRINT
00000042   _EVENT66
00000043   EVENT67
00000043   _EVENT67
00000044   EVENT68
00000044   _EVENT68
00000045   EVENT69
00000045   _EVENT69
00000046   EVENT70
00000046   _EVENT70
00000047   EVENT71
00000047   _EVENT71
00000048   EVENT72
00000048   _EVENT72
00000049   EVENT73
00000049   _EVENT73
0000004a   EVENT74
0000004a   _EVENT74
0000004b   EVENT75
0000004b   _EVENT75
0000004c   EVENT76
0000004c   _EVENT76
0000004d   EVENT77
0000004d   _EVENT77
0000004e   EVENT78
0000004e   _EVENT78
0000004f   EVENT79
0000004f   _EVENT79
00000050   EVENT80
00000050   _EVENT80
00000051   EVENT81
00000051   _EVENT81
00000052   EVENT82
00000052   _EVENT82
00000053   EVENT83
00000053   _EVENT83
00000054   EVENT84
00000054   _EVENT84
00000055   EVENT85
00000055   _EVENT85
00000056   EVENT86
00000056   _EVENT86
00000057   EVENT87
00000057   _EVENT87
00000058   EVENT88
00000058   _EVENT88
00000059   EVENT89
00000059   _EVENT89
0000005a   EVENT90
0000005a   _EVENT90
0000005b   EVENT91
0000005b   _EVENT91
0000005c   EVENT92
0000005c   _EVENT92
0000005d   EVENT93
0000005d   _EVENT93
0000005e   EVENT94
0000005e   _EVENT94
0000005f   EVENT95
0000005f   _EVENT95
00000060   EVENT96
00000060   _EVENT96
00000061   EVENT97
00000061   _EVENT97
00000062   EVENT98
00000062   _EVENT98
00000063   EVENT99
00000063   _EVENT99
00000064   EVENT100
00000064   PIP_OBJSIZE
00000064   _EVENT100
00000065   EVENT101
00000065   _EVENT101
00000066   EVENT102
00000066   _EVENT102
00000067   EVENT103
00000067   _EVENT103
00000068   EVENT104
00000068   _EVENT104
00000069   EVENT105
00000069   _EVENT105
0000006a   EVENT106
0000006a   _EVENT106
0000006b   EVENT107
0000006b   _EVENT107
0000006c   EVENT108
0000006c   _EVENT108
0000006d   EVENT109
0000006d   _EVENT109
0000006e   EVENT110
0000006e   _EVENT110
0000006f   EVENT111
0000006f   _EVENT111
00000070   EVENT112
00000070   _EVENT112
00000071   EVENT113
00000071   _EVENT113
00000072   EVENT114
00000072   _EVENT114
00000073   EVENT115
00000073   _EVENT115
00000074   EVENT116
00000074   _EVENT116
00000075   EVENT117
00000075   _EVENT117
00000076   EVENT118
00000076   _EVENT118
00000077   EVENT119
00000077   _EVENT119
00000078   EVENT120
00000078   _EVENT120
00000079   EVENT121
00000079   _EVENT121
0000007a   EVENT122
0000007a   _EVENT122
0000007b   EVENT123
0000007b   _EVENT123
0000007c   EVENT124
0000007c   _EVENT124
0000007d   EVENT125
0000007d   _EVENT125
0000007e   EVENT126
0000007e   _EVENT126
0000007f   EVENT127
0000007f   _EVENT127
00000100   HST_MAXFRAMEALLOWED
000001a4   GBL_CLKTYPE
000003e8   CLK_MICROSECS
00000400   HST_DSMMEMSIZE
00000400   TSK_STACKSIZE
00000408   RTDX_BUFMEMSIZE
00001963   GBL_DSPSUBTYPE
00002000   L1DSRAM$L
00002000   _L1DSRAM_length
00002000   __STACK_SIZE
00004000   GBL_TRCMASKVALUE
00004000   PRD_SCALAR
00004e20   GBL_CLKIN
00005205   GBL_A_VERSION
00006978   CLK_INPUTCLK
00006978   CLK_PRD
00006978   _CLK_PRD
00008000   CLK_INTBIT
00008000   HWI_CFGDISPATCHED
00008000   _HWI_CFGDISPATCHED
0000ffff   GBL_L2MAR128_159
0008a6d8   CLK_COUNTSPMS
0008a6d8   CLK_HTIMEPERLTIME
0008a6d8   CLK_LTIMEMULT
0008a6d8   GBL_FREQ
0008a6d8   _CLK_COUNTSPMS
01c21800   CLK_REGS
01c21800   _CLK_REGS
06040d0b   HWI_INTRMUX3
07060504   HWI_INTRMUX1
07a00000   DDRALGHEAP$L
07a00000   _DDRALGHEAP_length
0a0a0908   HWI_INTRMUX2
11f04000   L1DSRAM$B
11f04000   _L1DSRAM_base
11f06000   GBL_stackbeg
11f06000   _HWI_STKTOP
11f06000   __stack
11f07ff8   _HWI_STKBOTTOM
11f07fff   GBL_stackend
11f08000   $bss
11f08000   .bss
11f08000   _HWI_dispatchTab
11f08000   __STACK_END
11f08000   ___bss__
11f08100   IDL_D_tabbeg
11f08104   IDL_D_calibrate
11f08108   IDL_D_calbeg
11f0810c   LOG_D_system
11f0810c   _LOG_D_system
11f08110   PIP_D_tabbeg
11f08114   PIP_D_tablen
11f08118   CLK_R_time
11f0811c   CLK_D_timefxn
11f08120   CLK_D_tabbeg
11f08124   CLK_D_isrhook
11f08128   CLK_D_idletime
11f0812c   _CLK_htimeDiv
11f08130   _CLK_htimeMult
11f08134   _CLK_ltimeDiv
11f08138   _CLK_ltimeMult
11f0813c   _CLK_D_dirty
11f08140   _CLK_D_prd
11f08144   _CLK_D_tddr
11f08148   _CLK_D_countspms
11f0814c   PRD_D_tick
11f0814c   _PRD_D_tick
11f08150   PRD_D_cur
11f08154   PRD_D_elapsed
11f08158   PRD_D_prevtim
11f0815c   PRD_D_scalar
11f08160   PRD_D_swihandle
11f08164   PRD_D_tabbeg
11f08168   PRD_D_tablen
11f0816c   PRD_D_thook
11f08170   RTA_D_fromHost
11f08174   RTA_D_toHost
11f08178   RTA_D_logval
11f08188   RTA_D_stsval
11f08194   HST_D_chanmask
11f08198   HST_D_tabbeg
11f0819c   HST_D_tabend
11f081a0   _GBL_procId
11f081a4   _GBL_clkIn
11f081a8   _GBL_freq
11f081ac   _MEM_D_NUMSEGMENTS
11f081b0   _MEM_D_memtab
11f081b4   _MEM_D_freelist
11f081b8   _MEM_D_lockaddr
11f081bc   _MEM_D_unlockaddr
11f081c0   _SYS
11f081c4   __HOOK_knlId
11f081c8   __HOOK_NUMHOOKS
11f081cc   SWI_D_runaddr
11f081cc   _SWI_D_runaddr
11f081cc   _SWI_data
11f081d0   SWI_D_execaddr
11f081d0   _SWI_D_execaddr
11f081d4   SWI_D_curmask
11f081d4   _SWI_D_curmask
11f081d8   SWI_D_curset
11f081d8   _SWI_D_curset
11f081dc   SWI_D_lock
11f081dc   _SWI_D_lock
11f081e0   SWI_D_curmbox
11f081e4   SWI_D_curfxn
11f081e4   _SWI_D_curfxn
11f081e8   SWI_D_rdybeg
11f081e8   _SWI_D_rdybeg
11f081ec   SWI_D_inswi
11f081ec   _SWI_D_inswi
11f081f0   SWI_D_rdytab
11f08268   _KNL_wFlag
11f0826c   _KNL_wList
11f08270   _KNL_alarm
11f08274   _KNL_setpri
11f08278   _KNL_inactive
11f0827c   _KNL_priority
11f08280   _KNL_set
11f08284   _KNL_curtask
11f08288   _KNL_prevtask
11f0828c   _KNL_curtime
11f08290   _KNL_swiptr
11f08294   _KNL_curqueue
11f08298   _KNL_maxqueue
11f0829c   _KNL_tswitchfxn
11f082a0   _KNL_tcreatefxn
11f082a4   _KNL_tdeletefxn
11f082a8   _KNL_treadyfxn
11f082ac   _KNL_idlefxn
11f082dc   _argcdef
11f082e8   _MEM_memtab
11f0830c   DDRALGHEAP
11f0830c   MEM_MALLOCSEG
11f0830c   MEM_SEGZERO
11f0830c   _DDRALGHEAP
11f08310   DDR
11f08310   HST_DSMBUFSEG
11f08310   RTDX_DATAMEMSEG
11f08310   _DDR
11f08314   L1DSRAM
11f08314   TSK_STACKSEG
11f08314   _L1DHEAP
11f08314   _L1DSRAM
11f08318   _opterr
11f0831c   _optind
11f08320   _optopt
11f08324   _optreset
11f08328   _optarg
11f0832c   ___progname
11f0833c   _CLK_htimePerLtime
11f08340   _EXC_sysTrapTable
11f08348   _EXC_returnPtr
11f08360   HWI_D_spsave
11f08360   _HWI_D_spsave
11f08360   _HWI_data
11f0836c   _HWI_D_inhwi
11f08370   HWI_D_bss
11f08374   HWI_D_ccmask
11f08378   _EXC_exceptionHook
11f0837c   _EXC_internalHook
11f08380   _EXC_externalHook
11f08384   _EXC_nmiHook
11f08388   _TSK_nTasks
11f0838c   _TSK_pid
11f08390   _TSK
11f08394   _CLK_DFLTMICROSECS
11f08398   _CLK_D_microseconds
11f0839c   _SYS_exitStackPtr
11f083a0   _SYS_exitStackTop
11f083a4   _MEM
11f083ac   ___end__
11f083ac   end
11f087c8   TRC_cinit
11f087cc   TRC_R_mask
11f087cc   _TRC_R_mask
11f087d0   GBL_initdone
88000000   DDRALGHEAP$B
88000000   _DDRALGHEAP_base
8fa00000   .data
8fa00000   .text
8fa00000   DDR$B
8fa00000   HST_A_TABBEG
8fa00000   HST_A_TABEND
8fa00000   PIP_A_TABBEG
8fa00000   PIP_A_TABEND
8fa00000   PRD_A_TABBEG
8fa00000   PRD_A_TABEND
8fa00000   _DDR_base
8fa00000   _HST_A_TABBEG
8fa00000   _HST_A_TABEND
8fa00000   _PIP_A_TABBEG
8fa00000   _PIP_A_TABEND
8fa00000   ___data__
8fa00000   ___edata__
8fa00000   ___text__
8fa00000   edata
8fa06c28   _x264_macroblock_analyse
8fa091d0   _x264_mb_predict_intra4x4_mode
8fa09288   _x264_mb_predict_non_zero_code
8fa09304   _x264_mb_transform_8x8_allowed
8fa09438   _x264_mb_dequant_2x2_dc
8fa095d4   _x264_mb_dequant_4x4_dc
8fa09834   _x264_mb_dequant_4x4
8fa09b50   _x264_mb_dequant_8x8
8fa0a0e0   _x264_mb_predict_mv
8fa0a4e8   _x264_mb_predict_mv_16x16
8fa0a744   _x264_mb_predict_mv_pskip
8fa0b078   _x264_mb_predict_mv_direct16x16
8fa0b16c   _x264_mb_load_mv_direct8x8
8fa0b2ec   _x264_mb_predict_mv_ref16x16
8fa0b834   _x264_mb_mc
8fa0beb4   _x264_macroblock_cache_init
8fa0c108   _x264_macroblock_cache_end
8fa0c244   _x264_macroblock_slice_init
8fa0c580   _x264_macroblock_cache_load
8fa0e3f0   _x264_macroblock_cache_save
8fa0f030   _x264_macroblock_bipred_init
8fa154e0   _x264_predict_16x16_init
8fa15580   _x264_predict_8x8c_init
8fa15620   _x264_predict_8x8_init
8fa15720   _x264_predict_4x4_init
8fa17880   _x264_encoder_open
8fa18280   _x264_encoder_reconfig
8fa1852c   _x264_encoder_headers
8fa18d10   _x264_encoder_encode
8fa1a244   _x264_encoder_close
8fa1b330   _x264_ratecontrol_new
8fa1c314   _x264_ratecontrol_delete
8fa1c418   _x264_ratecontrol_start
8fa1c60c   _x264_ratecontrol_mb
8fa1c620   _x264_ratecontrol_qp
8fa1c638   _x264_ratecontrol_slice_type
8fa1c738   _x264_ratecontrol_end
8fa1f80c   _x264_me_search_ref
8fa22088   _x264_me_refine_qpel
8fa24550   _x264_mb_encode_i4x4
8fa24688   _x264_mb_encode_i8x8
8fa25064   _x264_macroblock_encode_pskip
8fa251f8   _x264_macroblock_encode
8fa2614c   _x264_macroblock_probe_skip
8fa265e0   _main
8fa2aff8   _x264_cabac_mb_skip
8fa2bb54   _x264_macroblock_write_cabac
8fa2d7f8   _x264_macroblock_luma_write_cavlc
8fa2d9c0   _x264_macroblock_write_cavlc
8fa2ff44   _x264_frame_new
8fa30374   _x264_frame_delete
8fa30464   _x264_frame_copy_picture
8fa307f0   _x264_frame_expand_border
8fa3086c   _x264_frame_expand_border_filtered
8fa308d4   _x264_frame_expand_border_lowres
8fa30928   _x264_frame_deblocking_filter
8fa32f58   _x264_pixel_init
8fa34d84   _x264_dct_init
8fa351a0   _x264_slicetype_mb_cost
8fa35ce0   _x264_slicetype_frame_cost
8fa35fcc   _x264_slicetype_analyse
8fa3636c   _x264_slicetype_decide
8fa36580   _x264_rc_analyse_slice
8fa37cb8   _x264_csp_init
8fa38144   _x264_sps_init
8fa3876c   _x264_sps_write
8fa38d64   _x264_pps_init
8fa3901c   _x264_pps_write
8fa39230   _x264_sei_version_write
8fa39d44   _mk_createWriter
8fa39de8   _mk_writeHeader
8fa3a298   _mk_flushFrame
8fa3a5e0   _mk_startFrame
8fa3a614   _mk_setFrameFlags
8fa3a68c   _mk_addFrameData
8fa3a6e0   _mk_close
8fa3ad18   _x264_cabac_context_init
8fa3ae6c   _x264_cabac_decode_init
8fa3aeb0   _x264_cabac_decode_decision
8fa3b018   _x264_cabac_decode_bypass
8fa3b0a0   _x264_cabac_decode_terminal
8fa3b0ec   _x264_cabac_model_init
8fa3b14c   _x264_cabac_model_get
8fa3b16c   _x264_cabac_model_update
8fa3b3c0   _x264_cabac_encode_init
8fa3b440   _x264_cabac_encode_decision
8fa3b5b0   _x264_cabac_encode_bypass
8fa3b6ac   _x264_cabac_encode_terminal
8fa3b724   _x264_cabac_encode_flush
8fa3c068   _x264_mc_init
8fa3c0b0   _x264_frame_filter
8fa3c258   _x264_frame_init_lowres
8fa3d2f8   _x264_eval
8fa3d3a0   _x264_param_default
8fa3d7a4   _x264_log
8fa3d8c0   _x264_picture_alloc
8fa3dc08   _x264_picture_clean
8fa3dc30   _x264_nal_encode
8fa3dd6c   _x264_nal_decode
8fa3de50   _x264_malloc
8fa3dea4   _x264_free
8fa3dec4   _x264_realloc
8fa3df24   _x264_slurp_file
8fa3e724   _getopt
8fa3e7a4   _getopt_long
8fa3ecc0   _pow
8fa3f640   __scanfi
8fa3ff60   _x264_cqm_init
8fa403b8   _x264_cqm_parse_jmlist
8fa40558   _x264_cqm_parse_file
8fa412e0   __divd
8fa41820   _strtod
8fa41d40   _strtold
8fa42720   _fwrite
8fa42be0   _strtol
8fa43040   _strtoll
8fa434a0   __printfi
8fa43d20   _tan
8fa44140   _cos
8fa44540   _strtoul
8fa44940   _strtoull
8fa44d40   _sin
8fa45100   _fputs
8fa454a0   __divf
8fa45e40   _sinh
8fa46760   _log
8fa46a60   __addf
8fa47580   _exp
8fa47820   _fread
8fa47b14   _x264_rd_cost_mb
8fa47d40   __divull
8fa47fa0   __mpyd
8fa48200   _tanh
8fa488c0   _fputc
8fa488c0   _putc
8fa48ae0   _sqrt
8fa48d00   __addd
8fa48f00   __frcaddd
8fa49100   __mpyf
8fa49500   _expf
8fa49700   _setvbuf
8fa49900   _sqrtf
8fa49e60   _ldexp
8fa4a020   __divul
8fa4a500   _frexp
8fa4a6a0   _HOSTrename
8fa4a820   _cosh
8fa4a9a0   _ldexpf
8fa4ab20   _open
8fa4aca0   _frexpf
8fa4af40   _ftell
8fa4b1c0   __buff_read
8fa4b2e0   __closefile
8fa4b400   __divlli
8fa4b520   __fixdull
8fa4bac0   _atol
8fa4bbe0   _fseek
8fa4bd00   _HOSTlseek
8fa4be00   __frcmpyd
8fa4bf00   __nround
8fa4c000   __wrt_ok
8fa4c100   _fprintf
8fa4c200   _HOSTopen
8fa4c2e0   __cmpd
8fa4c3c0   __c6xabi_divi
8fa4c3c0   __divi
8fa4c4a0   __fltllid
8fa4c580   __fltllif
8fa4c660   _atoi
8fa4c740   _close
8fa4c820   _fflush
8fa4c900   _memset
8fa4c9e0   _printf
8fa4cac0   _HOSTread
8fa4cb80   _HOSTunlink
8fa4cc40   _HOSTwrite
8fa4cdc0   __c6xabi_divu
8fa4cdc0   __divu
8fa4ce80   __doflush
8fa4cf40   __rd_ok
8fa4d000   __c6xabi_remi
8fa4d000   __remi
8fa4d0c0   _exit
8fa4d180   _ltoa
8fa4d240   _rename
8fa4d300   _signal
8fa4d3c0   _vfprintf
8fa4d540   _HOSTclose
8fa4d5e0   __cleanup
8fa4d680   __cvtdf
8fa4d720   __divli
8fa4d900   __fixdli
8fa4d9a0   __fltulld
8fa4db80   _lseek
8fa4dc20   _memcpy
8fa4dcc0   _modf
8fa4dd60   _read
8fa4de00   _snprintf
8fa4dea0   _strstr
8fa4df40   _write
8fa4dfe0   __cmpf
8fa4e060   __fixdi
8fa4e0e0   __fixfi
8fa4e160   __fltlid
8fa4e1e0   __llshl
8fa4e2e0   __renormd
8fa4e360   _readmsg
8fa4e3e0   _strcat
8fa4e460   _unlink
8fa4e4e0   __abort_msg
8fa4e540   __cvtfd
8fa4e5a0   __fltid
8fa4e600   __fltif
8fa4e660   __frcmpyf
8fa4e6c0   __remlli
8fa4e720   __remull
8fa4e780   __subcull
8fa4e7e0   _fclose
8fa4e840   _fopen
8fa4e8a0   _memccpy
8fa4e900   _memcmp
8fa4e960   _modff
8fa4e9c0   _sscanf
8fa4ea20   _strcpy
8fa4ea80   _strcspn
8fa4eae0   _strncmp
8fa4eb40   _strpbrk
8fa4ec00   _writemsg
8fa4ec58   C$$IO$$
8fa4ec60   ___isinf
8fa4ece0   __frcmpyd_div
8fa4ed20   __frcmpyf_div
8fa4ed60   __llshru
8fa4eda0   __negd
8fa4ee20   __remli
8fa4ee60   __remul
8fa4eea0   __c6xabi_strasgi_64plus
8fa4eea0   __strasgi_64plus
8fa4eee0   __subd
8fa4ef20   __subf
8fa4ef60   _llabs
8fa4efa0   _strchr
8fa4efe0   _strcmp
8fa4f020   _strlen
8fa4f080   __negll
8fa4f0a0   __nop
8fa4f180   __register_lock
8fa4f1a0   __register_unlock
8fa4f1c0   __trunc
8fa4f200   C$$EXIT
8fa4f200   _abort
8fa4f220   _atof
8fa4f240   _exp2f
8fa4f260   _remove
8fa4f280   _x264_cpu_detect
8fa4f288   _x264_cpu_restore
8fa4f2a0   ___etext__
8fa4f2a0   etext
8fa58898   __ctypes_
8fa594a8   _i_qp0_cost_table
8fa5af34   CLK_A_TABBEG
8fa5af34   KNL_swi$sts$maxfmt
8fa5af34   PRD_clock
8fa5af34   _PRD_clock
8fa5af38   CLK_null
8fa5af3c   IDL_A_TABBEG
8fa5af3c   IDL_END
8fa5af3c   KNL_swi$sts$sumfmt
8fa5af40   _EXC_nmi
8fa5af44   KNL_swi$sts$avgfmt
8fa5af74   _EXC_internal
8fa5b220   _EXC_init
8fa5b260   _EXC_getLastStatus
8fa5b280   _EXC_external
8fa5b2b4   _EXC_exceptionHandler
8fa5b430   _EXC_clearLastStatus
8fa5b460   CLK_HOOKFXN
8fa5b460   HWI_F_dispatch
8fa5b460   _HWI_F_dispatch
8fa5b460   __HWI_lat1beg
8fa5b600   __HWI_lat1end
8fa5b600   __HWI_lat2beg
8fa5b768   __HWI_lat2end2
8fa5b798   __HWI_lat3end2
8fa5b7d8   __HWI_lat2end1
8fa5b7f4   __HWI_lat3beg
8fa5b940   SWI_F_enable
8fa5b940   __SWI_lat3beg
8fa5b9ac   __SWI_lat3end
8fa5b9b0   SWI_F_post
8fa5b9b0   _SWI_post
8fa5bab8   __SWI_lat1beg
8fa5bb24   SWI_EXECFXN
8fa5bb24   SWI_F_exec
8fa5bb4c   SWI_F_iexec
8fa5bb64   __SWI_lat1end
8fa5bb68   __SWI_lat2beg
8fa5bbc8   __SWI_lat2end
8fa5bbcc   SWI_F_run
8fa5bbcc   SWI_RUNFXN
8fa5be00   PRD_F_swi
8fa5c084   PRD_F_tick
8fa5c180   _free
8fa5c1a8   _malloc
8fa5c20c   _realloc
8fa5c2d8   _memalign
8fa5c3b8   _calloc
8fa5c420   _KNL_run
8fa5c660   _MEM_free
8fa5c860   _SEM_pendEnterKnl
8fa5ca60   _MEM_alloc
8fa5cc40   _EXC_dispatch
8fa5ce04   _EXC_setReturnPtr
8fa5cfec   PRD_THOOKFXN
8fa5cfec   _KNL_tick
8fa5d000   __SEM_dopost
8fa5d1c0   _TSK_setup
8fa5d360   CLK_F_getltime
8fa5d370   CLK_F_isr
8fa5d4b0   CLK_F_itime
8fa5d4b0   _CLK_F_itime
8fa5d4b0   _CLK_itime
8fa5d4d0   __CLK_lat1beg
8fa5d4f0   __CLK_lat1end
8fa5d500   _KNL_saveIsrFrame
8fa5d5ac   _KNL_switch
8fa5d658   KNL_glue
8fa5d680   __auto_init
8fa5d7c0   _TSK_exit
8fa5d900   _BCACHE_setSize
8fa5d944   _BCACHE_setMar
8fa5d994   _BCACHE_bootInit
8fa5d994   _BCACHE_setCacheToSram
8fa5d9c4   _BCACHE_getSize
8fa5da14   _BCACHE_getMar
8fa5daa4   _GBL_cacheInit64P
8fa5db60   _KNL_check
8fa5dbac   __KNL_lat1beg
8fa5dc28   _KNL_idle
8fa5dc28   __KNL_lat1end
8fa5dc50   _KNL_max
8fa5dd24   _TSK_startup
8fa5dda0   _SEM_post
8fa5dda0   _SEM_postBinary
8fa5de80   _KNL_exit
8fa5dec0   _KNL_enter
8fa5df40   _SEM_postEnterKnl
8fa5dfe0   _SYS_exit
8fa5e080   _KNL_ipost
8fa5e100   _KNL_post
8fa5e180   _LCK_post
8fa5e1a0   _LCK_pend
8fa5e200   LOG_F_event
8fa5e200   _LOG_event
8fa5e200   __LOG_lat1beg
8fa5e280   _SYS_error
8fa5e2e0   FXN_F_nop
8fa5e2e4   FXN_F_run
8fa5e2e4   _FXN_F_run
8fa5e320   FXN_F_zero
8fa5e320   _FXN_F_zero
8fa5e340   _HWI_disable
8fa5e358   _HWI_enable
8fa5e36c   _HWI_restore
8fa5e3a0   _SEM_pend
8fa5e400   STS_F_delta
8fa5e400   _STS_delta
8fa5e42c   STS_F_add
8fa5e42c   _STS_add
8fa5e448   STS_F_reset
8fa5e448   _STS_reset
8fa5e460   _SYS_abort
8fa5e4c0   SYS_PUTCFXN
8fa5e4c0   _UTL_doPutc
8fa5e520   SYS_ABORTFXN
8fa5e520   _UTL_doAbort
8fa5e560   GBL_USERINITFXN
8fa5e560   GIO_CREATEFXN
8fa5e560   GIO_DELETEFXN
8fa5e560   GIO_PENDFXN
8fa5e560   GIO_POSTFXN
8fa5e560   TSK_VCREATEFXN
8fa5e560   TSK_VDELETEFXN
8fa5e560   TSK_VEXITFXN
8fa5e560   _FXN_F_nop
8fa5e580   _GBL_getVersion
8fa5e5a0   IDL_F_loop
8fa5e5a0   _IDL_loop
8fa5e5c0   _STS_set
8fa5e5e0   SYS_ERRORFXN
8fa5e5e0   _UTL_doError
8fa5e600   SYS_EXITFXN
8fa5e600   _UTL_halt
8fa5e620   CLK_F_gethtime
8fa5e620   CLK_TIMEFXN
8fa5e620   _CLK_gethtime
8fa5e640   _data
8fa5f1f8   _argvdef
8fa5f630   __ftable
8fa5f810   __tmpnams
8fa5f950   __ft_end
8fa5f954   _CLK_inputClock
8fa5fb94   _errno
8fa5fb98   _KNL_queues
8fa5fc38   _KNL_dummy
8fa5fe74   _TSK_ATTRS
8fa5fe90   _TSK_config
8fa5feb0   _TSK_timerSem
8fa5ff28   _OBJ_table
8fa5ff60   _OBJ_segtab
8fa5ff7c   __TSK_mutex
8fa5ffa4   __MEM_mutex
8fa60150   _SYS_exitStack
8fa601a4   _EXC_status
8fa601d0   __cleanup_ptr
8fa601d4   __dtors_ptr
8fa601d8   ___TI_enable_exit_profile_output
8fa601dc   __lock
8fa601e0   __unlock
8fa601f4   IDL_A_CALBEG
8fa601f4   IDL_END$
8fa601f8   ___cinit__
8fa601f8   cinit
8fa612a0   BIOS_init
8fa612a0   _BIOS_init
8fa61468   BIOS_start
8fa61468   _BIOS_start
8fa61540   _c_int00
8fa61600   _MEM_init
8fa616a0   _TSK_init
8fa61700   _OBJ_init
8fa61720   TSK_idle$stack
8fa61ab8   TSK_idle$stkptr
8fa61b2c   TSK_idle
8fa61b2c   _TSK_idle
8fa61b80   KNL_swi
8fa61b80   SWI_A_TABBEG
8fa61b80   _KNL_swi
8fa61bac   SWI_A_TABEND
8fa61bd4   LOG_A_TABBEG
8fa61bd4   LOG_system
8fa61bd4   _LOG_A_TABBEG
8fa61bd4   _LOG_system
8fa61bec   KNL_swi$sts$stsobj
8fa61bec   LOG_A_TABEND
8fa61bec   STS_A_TABBEG
8fa61bec   _LOG_A_TABEND
8fa61bec   _STS_A_TABBEG
8fa61bf0   KNL_swi$sts
8fa61bfc   STS_A_TABEND
8fa61bfc   _STS_A_TABEND
8fa61c00   HWI_A_VECS
8fa61c00   hwi0
8fa61c20   hwi1
8fa61c40   hwi2
8fa61c60   hwi3
8fa61c80   hwi4
8fa61ca0   hwi5
8fa61cc0   hwi6
8fa61ce0   hwi7
8fa61d00   hwi8
8fa61d20   hwi9
8fa61d40   hwi10
8fa61d60   hwi11
8fa61d80   hwi12
8fa61da0   hwi13
8fa61dc0   hwi14
8fa61de0   hwi15
8fa61e00   _SYS_PUTCBEG
8fa61fff   _SYS_PUTCEND
8fa62000   __CIOBUF_
8fa62120   SYS$config
8fa62200   LOG_system$buf
ffffffff   ARM_RAM
ffffffff   CACHE_L1D
ffffffff   CACHE_L1P
ffffffff   CACHE_L2
ffffffff   DSPLINKMEM
ffffffff   ECM_EVTMASK0
ffffffff   ECM_EVTMASK1
ffffffff   ECM_EVTMASK2
ffffffff   ECM_EVTMASK3
ffffffff   RESET_VECTOR
ffffffff   _ARM_RAM
ffffffff   _CACHE_L1D
ffffffff   _CACHE_L1P
ffffffff   _CACHE_L2
ffffffff   _DSPLINKMEM
ffffffff   _RESET_VECTOR
ffffffff   ___TI_pprof_out_hndl
ffffffff   ___TI_prof_data_size
ffffffff   ___TI_prof_data_start
ffffffff   ___binit__
ffffffff   ___c_args__
ffffffff   ___pinit__
ffffffff   binit
ffffffff   pinit

[1129 symbols]
